Archive member included to satisfy reference by file (symbol)

c:/st/stm32cubeide_1.6.0/stm32cubeide/plugins/com.st.stm32cube.ide.mcu.externaltools.gnu-tools-for-stm32.9-2020-q2-update.win32_1.5.0.202011040924/tools/bin/../lib/gcc/arm-none-eabi/9.3.1/../../../../arm-none-eabi/lib/thumb/v7e-m+fp/hard\libc_nano.a(lib_a-atof.o)
                              Core/Src/NextionFunctions.o (atof)
c:/st/stm32cubeide_1.6.0/stm32cubeide/plugins/com.st.stm32cube.ide.mcu.externaltools.gnu-tools-for-stm32.9-2020-q2-update.win32_1.5.0.202011040924/tools/bin/../lib/gcc/arm-none-eabi/9.3.1/../../../../arm-none-eabi/lib/thumb/v7e-m+fp/hard\libc_nano.a(lib_a-errno.o)
                              Core/Src/syscalls.o (__errno)
c:/st/stm32cubeide_1.6.0/stm32cubeide/plugins/com.st.stm32cube.ide.mcu.externaltools.gnu-tools-for-stm32.9-2020-q2-update.win32_1.5.0.202011040924/tools/bin/../lib/gcc/arm-none-eabi/9.3.1/../../../../arm-none-eabi/lib/thumb/v7e-m+fp/hard\libc_nano.a(lib_a-exit.o)
                              c:/st/stm32cubeide_1.6.0/stm32cubeide/plugins/com.st.stm32cube.ide.mcu.externaltools.gnu-tools-for-stm32.9-2020-q2-update.win32_1.5.0.202011040924/tools/bin/../lib/gcc/arm-none-eabi/9.3.1/../../../../arm-none-eabi/lib/thumb/v7e-m+fp/hard/crt0.o (exit)
c:/st/stm32cubeide_1.6.0/stm32cubeide/plugins/com.st.stm32cube.ide.mcu.externaltools.gnu-tools-for-stm32.9-2020-q2-update.win32_1.5.0.202011040924/tools/bin/../lib/gcc/arm-none-eabi/9.3.1/../../../../arm-none-eabi/lib/thumb/v7e-m+fp/hard\libc_nano.a(lib_a-impure.o)
                              c:/st/stm32cubeide_1.6.0/stm32cubeide/plugins/com.st.stm32cube.ide.mcu.externaltools.gnu-tools-for-stm32.9-2020-q2-update.win32_1.5.0.202011040924/tools/bin/../lib/gcc/arm-none-eabi/9.3.1/../../../../arm-none-eabi/lib/thumb/v7e-m+fp/hard\libc_nano.a(lib_a-exit.o) (_global_impure_ptr)
c:/st/stm32cubeide_1.6.0/stm32cubeide/plugins/com.st.stm32cube.ide.mcu.externaltools.gnu-tools-for-stm32.9-2020-q2-update.win32_1.5.0.202011040924/tools/bin/../lib/gcc/arm-none-eabi/9.3.1/../../../../arm-none-eabi/lib/thumb/v7e-m+fp/hard\libc_nano.a(lib_a-init.o)
                              c:/st/stm32cubeide_1.6.0/stm32cubeide/plugins/com.st.stm32cube.ide.mcu.externaltools.gnu-tools-for-stm32.9-2020-q2-update.win32_1.5.0.202011040924/tools/bin/../lib/gcc/arm-none-eabi/9.3.1/../../../../arm-none-eabi/lib/thumb/v7e-m+fp/hard/crt0.o (__libc_init_array)
c:/st/stm32cubeide_1.6.0/stm32cubeide/plugins/com.st.stm32cube.ide.mcu.externaltools.gnu-tools-for-stm32.9-2020-q2-update.win32_1.5.0.202011040924/tools/bin/../lib/gcc/arm-none-eabi/9.3.1/../../../../arm-none-eabi/lib/thumb/v7e-m+fp/hard\libc_nano.a(lib_a-malloc.o)
                              Middlewares/ST/STM32_USB_Device_Library/Class/DFU/Src/usbd_dfu.o (malloc)
c:/st/stm32cubeide_1.6.0/stm32cubeide/plugins/com.st.stm32cube.ide.mcu.externaltools.gnu-tools-for-stm32.9-2020-q2-update.win32_1.5.0.202011040924/tools/bin/../lib/gcc/arm-none-eabi/9.3.1/../../../../arm-none-eabi/lib/thumb/v7e-m+fp/hard\libc_nano.a(lib_a-memset.o)
                              c:/st/stm32cubeide_1.6.0/stm32cubeide/plugins/com.st.stm32cube.ide.mcu.externaltools.gnu-tools-for-stm32.9-2020-q2-update.win32_1.5.0.202011040924/tools/bin/../lib/gcc/arm-none-eabi/9.3.1/../../../../arm-none-eabi/lib/thumb/v7e-m+fp/hard/crt0.o (memset)
c:/st/stm32cubeide_1.6.0/stm32cubeide/plugins/com.st.stm32cube.ide.mcu.externaltools.gnu-tools-for-stm32.9-2020-q2-update.win32_1.5.0.202011040924/tools/bin/../lib/gcc/arm-none-eabi/9.3.1/../../../../arm-none-eabi/lib/thumb/v7e-m+fp/hard\libc_nano.a(lib_a-nano-freer.o)
                              c:/st/stm32cubeide_1.6.0/stm32cubeide/plugins/com.st.stm32cube.ide.mcu.externaltools.gnu-tools-for-stm32.9-2020-q2-update.win32_1.5.0.202011040924/tools/bin/../lib/gcc/arm-none-eabi/9.3.1/../../../../arm-none-eabi/lib/thumb/v7e-m+fp/hard\libc_nano.a(lib_a-malloc.o) (_free_r)
c:/st/stm32cubeide_1.6.0/stm32cubeide/plugins/com.st.stm32cube.ide.mcu.externaltools.gnu-tools-for-stm32.9-2020-q2-update.win32_1.5.0.202011040924/tools/bin/../lib/gcc/arm-none-eabi/9.3.1/../../../../arm-none-eabi/lib/thumb/v7e-m+fp/hard\libc_nano.a(lib_a-nano-mallocr.o)
                              c:/st/stm32cubeide_1.6.0/stm32cubeide/plugins/com.st.stm32cube.ide.mcu.externaltools.gnu-tools-for-stm32.9-2020-q2-update.win32_1.5.0.202011040924/tools/bin/../lib/gcc/arm-none-eabi/9.3.1/../../../../arm-none-eabi/lib/thumb/v7e-m+fp/hard\libc_nano.a(lib_a-malloc.o) (_malloc_r)
c:/st/stm32cubeide_1.6.0/stm32cubeide/plugins/com.st.stm32cube.ide.mcu.externaltools.gnu-tools-for-stm32.9-2020-q2-update.win32_1.5.0.202011040924/tools/bin/../lib/gcc/arm-none-eabi/9.3.1/../../../../arm-none-eabi/lib/thumb/v7e-m+fp/hard\libc_nano.a(lib_a-nano-vfprintf_float.o)
                              (_printf_float)
[...]
Memory Configuration

Name             Origin             Length             Attributes
CCMRAM           0x0000000010000000 0x0000000000010000 xrw
RAM              0x0000000020000000 0x0000000000020000 xrw
FLASH            0x0000000008000000 0x0000000000100000 xr
*default*        0x0000000000000000 0xffffffffffffffff

Linker script and memory map

LOAD c:/st/stm32cubeide_1.6.0/stm32cubeide/plugins/com.st.stm32cube.ide.mcu.externaltools.gnu-tools-for-stm32.9-2020-q2-update.win32_1.5.0.202011040924/tools/bin/../lib/gcc/arm-none-eabi/9.3.1/thumb/v7e-m+fp/hard/crti.o
LOAD c:/st/stm32cubeide_1.6.0/stm32cubeide/plugins/com.st.stm32cube.ide.mcu.externaltools.gnu-tools-for-stm32.9-2020-q2-update.win32_1.5.0.202011040924/tools/bin/../lib/gcc/arm-none-eabi/9.3.1/thumb/v7e-m+fp/hard/crtbegin.o
LOAD c:/st/stm32cubeide_1.6.0/stm32cubeide/plugins/com.st.stm32cube.ide.mcu.externaltools.gnu-tools-for-stm32.9-2020-q2-update.win32_1.5.0.202011040924/tools/bin/../lib/gcc/arm-none-eabi/9.3.1/../../../../arm-none-eabi/lib/thumb/v7e-m+fp/hard/crt0.o
LOAD Core/Src/Buzzer.o
LOAD Core/Src/FLASH_SECTOR.o
LOAD Core/Src/NextionFunctions.o
LOAD Core/Src/Pid.o
LOAD Core/Src/arm_pid_init_f32.o
LOAD Core/Src/functions.o
LOAD Core/Src/main.o
LOAD Core/Src/stm32f4xx_hal_msp.o
LOAD Core/Src/stm32f4xx_it.o
LOAD Core/Src/syscalls.o
LOAD Core/Src/sysmem.o
LOAD Core/Src/system_stm32f4xx.o
LOAD Core/Startup/startup_stm32f407vgtx.o
LOAD Drivers/STM32F4xx_HAL_Driver/Src/stm32f4xx_hal.o
LOAD Drivers/STM32F4xx_HAL_Driver/Src/stm32f4xx_hal_adc.o
LOAD Drivers/STM32F4xx_HAL_Driver/Src/stm32f4xx_hal_adc_ex.o
LOAD Drivers/STM32F4xx_HAL_Driver/Src/stm32f4xx_hal_cortex.o
LOAD Drivers/STM32F4xx_HAL_Driver/Src/stm32f4xx_hal_dma.o
LOAD Drivers/STM32F4xx_HAL_Driver/Src/stm32f4xx_hal_dma_ex.o
LOAD Drivers/STM32F4xx_HAL_Driver/Src/stm32f4xx_hal_exti.o
LOAD Drivers/STM32F4xx_HAL_Driver/Src/stm32f4xx_hal_flash.o
LOAD Drivers/STM32F4xx_HAL_Driver/Src/stm32f4xx_hal_flash_ex.o
LOAD Drivers/STM32F4xx_HAL_Driver/Src/stm32f4xx_hal_flash_ramfunc.o
LOAD Drivers/STM32F4xx_HAL_Driver/Src/stm32f4xx_hal_gpio.o
LOAD Drivers/STM32F4xx_HAL_Driver/Src/stm32f4xx_hal_pcd.o
LOAD Drivers/STM32F4xx_HAL_Driver/Src/stm32f4xx_hal_pcd_ex.o
LOAD Drivers/STM32F4xx_HAL_Driver/Src/stm32f4xx_hal_pwr.o
LOAD Drivers/STM32F4xx_HAL_Driver/Src/stm32f4xx_hal_pwr_ex.o
LOAD Drivers/STM32F4xx_HAL_Driver/Src/stm32f4xx_hal_rcc.o
LOAD Drivers/STM32F4xx_HAL_Driver/Src/stm32f4xx_hal_rcc_ex.o
LOAD Drivers/STM32F4xx_HAL_Driver/Src/stm32f4xx_hal_spi.o
LOAD Drivers/STM32F4xx_HAL_Driver/Src/stm32f4xx_hal_tim.o
LOAD Drivers/STM32F4xx_HAL_Driver/Src/stm32f4xx_hal_tim_ex.o
LOAD Drivers/STM32F4xx_HAL_Driver/Src/stm32f4xx_hal_uart.o
LOAD Drivers/STM32F4xx_HAL_Driver/Src/stm32f4xx_ll_usb.o
LOAD Middlewares/ST/STM32_USB_Device_Library/Class/DFU/Src/usbd_dfu.o
LOAD Middlewares/ST/STM32_USB_Device_Library/Core/Src/usbd_core.o
LOAD Middlewares/ST/STM32_USB_Device_Library/Core/Src/usbd_ctlreq.o
LOAD Middlewares/ST/STM32_USB_Device_Library/Core/Src/usbd_ioreq.o
LOAD USB_DEVICE/App/usb_device.o
LOAD USB_DEVICE/App/usbd_desc.o
LOAD USB_DEVICE/App/usbd_dfu_if.o
LOAD USB_DEVICE/Target/usbd_conf.o
START GROUP
LOAD c:/st/stm32cubeide_1.6.0/stm32cubeide/plugins/com.st.stm32cube.ide.mcu.externaltools.gnu-tools-for-stm32.9-2020-q2-update.win32_1.5.0.202011040924/tools/bin/../lib/gcc/arm-none-eabi/9.3.1/../../../../arm-none-eabi/lib/thumb/v7e-m+fp/hard\libc_nano.a
LOAD c:/st/stm32cubeide_1.6.0/stm32cubeide/plugins/com.st.stm32cube.ide.mcu.externaltools.gnu-tools-for-stm32.9-2020-q2-update.win32_1.5.0.202011040924/tools/bin/../lib/gcc/arm-none-eabi/9.3.1/../../../../arm-none-eabi/lib/thumb/v7e-m+fp/hard\libm.a
END GROUP
START GROUP
LOAD c:/st/stm32cubeide_1.6.0/stm32cubeide/plugins/com.st.stm32cube.ide.mcu.externaltools.gnu-tools-for-stm32.9-2020-q2-update.win32_1.5.0.202011040924/tools/bin/../lib/gcc/arm-none-eabi/9.3.1/thumb/v7e-m+fp/hard\libgcc.a
LOAD c:/st/stm32cubeide_1.6.0/stm32cubeide/plugins/com.st.stm32cube.ide.mcu.externaltools.gnu-tools-for-stm32.9-2020-q2-update.win32_1.5.0.202011040924/tools/bin/../lib/gcc/arm-none-eabi/9.3.1/../../../../arm-none-eabi/lib/thumb/v7e-m+fp/hard\libc_nano.a
END GROUP
START GROUP
LOAD c:/st/stm32cubeide_1.6.0/stm32cubeide/plugins/com.st.stm32cube.ide.mcu.externaltools.gnu-tools-for-stm32.9-2020-q2-update.win32_1.5.0.202011040924/tools/bin/../lib/gcc/arm-none-eabi/9.3.1/thumb/v7e-m+fp/hard\libgcc.a
LOAD c:/st/stm32cubeide_1.6.0/stm32cubeide/plugins/com.st.stm32cube.ide.mcu.externaltools.gnu-tools-for-stm32.9-2020-q2-update.win32_1.5.0.202011040924/tools/bin/../lib/gcc/arm-none-eabi/9.3.1/../../../../arm-none-eabi/lib/thumb/v7e-m+fp/hard\libc_nano.a
LOAD c:/st/stm32cubeide_1.6.0/stm32cubeide/plugins/com.st.stm32cube.ide.mcu.externaltools.gnu-tools-for-stm32.9-2020-q2-update.win32_1.5.0.202011040924/tools/bin/../lib/gcc/arm-none-eabi/9.3.1/../../../../arm-none-eabi/lib/thumb/v7e-m+fp/hard\libnosys.a
END GROUP
START GROUP
LOAD c:/st/stm32cubeide_1.6.0/stm32cubeide/plugins/com.st.stm32cube.ide.mcu.externaltools.gnu-tools-for-stm32.9-2020-q2-update.win32_1.5.0.202011040924/tools/bin/../lib/gcc/arm-none-eabi/9.3.1/thumb/v7e-m+fp/hard\libgcc.a
LOAD c:/st/stm32cubeide_1.6.0/stm32cubeide/plugins/com.st.stm32cube.ide.mcu.externaltools.gnu-tools-for-stm32.9-2020-q2-update.win32_1.5.0.202011040924/tools/bin/../lib/gcc/arm-none-eabi/9.3.1/../../../../arm-none-eabi/lib/thumb/v7e-m+fp/hard\libc_nano.a
LOAD c:/st/stm32cubeide_1.6.0/stm32cubeide/plugins/com.st.stm32cube.ide.mcu.externaltools.gnu-tools-for-stm32.9-2020-q2-update.win32_1.5.0.202011040924/tools/bin/../lib/gcc/arm-none-eabi/9.3.1/../../../../arm-none-eabi/lib/thumb/v7e-m+fp/hard\libnosys.a
END GROUP
LOAD c:/st/stm32cubeide_1.6.0/stm32cubeide/plugins/com.st.stm32cube.ide.mcu.externaltools.gnu-tools-for-stm32.9-2020-q2-update.win32_1.5.0.202011040924/tools/bin/../lib/gcc/arm-none-eabi/9.3.1/thumb/v7e-m+fp/hard/crtend.o
LOAD c:/st/stm32cubeide_1.6.0/stm32cubeide/plugins/com.st.stm32cube.ide.mcu.externaltools.gnu-tools-for-stm32.9-2020-q2-update.win32_1.5.0.202011040924/tools/bin/../lib/gcc/arm-none-eabi/9.3.1/thumb/v7e-m+fp/hard/crtn.o
                0x0000000020020000                _estack = (ORIGIN (RAM) + LENGTH (RAM))
                0x0000000000000200                _Min_Heap_Size = 0x200
                0x0000000000000400                _Min_Stack_Size = 0x400

.isr_vector     0x0000000008000000      0x188
                0x0000000008000000                . = ALIGN (0x4)
 *(.isr_vector)
 .isr_vector    0x0000000008000000      0x188 Core/Startup/startup_stm32f407vgtx.o
                0x0000000008000000                g_pfnVectors
                0x0000000008000188                . = ALIGN (0x4)

.text           0x0000000008000190    0x10e8c
                0x0000000008000190                . = ALIGN (0x4)
 *(.text)
 .text          0x0000000008000190       0x40 c:/st/stm32cubeide_1.6.0/stm32cubeide/plugins/com.st.stm32cube.ide.mcu.externaltools.gnu-tools-for-stm32.9-2020-q2-update.win32_1.5.0.202011040924/tools/bin/../lib/gcc/arm-none-eabi/9.3.1/thumb/v7e-m+fp/hard/crtbegin.o
 .text          0x00000000080001d0       0x10 c:/st/stm32cubeide_1.6.0/stm32cubeide/plugins/com.st.stm32cube.ide.mcu.externaltools.gnu-tools-for-stm32.9-2020-q2-update.win32_1.5.0.202011040924/tools/bin/../lib/gcc/arm-none-eabi/9.3.1/../../../../arm-none-eabi/lib/thumb/v7e-m+fp/hard\libc_nano.a(lib_a-strlen.o)
                0x00000000080001d0                strlen
 .text          0x00000000080001e0       0xa0 c:/st/stm32cubeide_1.6.0/stm32cubeide/plugins/com.st.stm32cube.ide.mcu.externaltools.gnu-tools-for-stm32.9-2020-q2-update.win32_1.5.0.202011040924/tools/bin/../lib/gcc/arm-none-eabi/9.3.1/../../../../arm-none-eabi/lib/thumb/v7e-m+fp/hard\libc_nano.a(lib_a-memchr.o)
                0x00000000080001e0                memchr
 .text          0x0000000008000280      0x378 c:/st/stm32cubeide_1.6.0/stm32cubeide/plugins/com.st.stm32cube.ide.mcu.externaltools.gnu-tools-for-stm32.9-2020-q2-update.win32_1.5.0.202011040924/tools/bin/../lib/gcc/arm-none-eabi/9.3.1/thumb/v7e-m+fp/hard\libgcc.a(_arm_addsubdf3.o)
                0x0000000008000280                __aeabi_drsub
                0x0000000008000288                __aeabi_dsub
                0x0000000008000288                __subdf3
                0x000000000800028c                __aeabi_dadd
                0x000000000800028c                __adddf3
                0x0000000008000504                __floatunsidf
                0x0000000008000504                __aeabi_ui2d
                0x0000000008000524                __floatsidf
                0x0000000008000524                __aeabi_i2d
                0x0000000008000548                __aeabi_f2d
                0x0000000008000548                __extendsfdf2
                0x000000000800058c                __floatundidf
                0x000000000800058c                __aeabi_ul2d
                0x000000000800059c                __floatdidf
                0x000000000800059c                __aeabi_l2d
 .text          0x00000000080005f8      0x424 c:/st/stm32cubeide_1.6.0/stm32cubeide/plugins/com.st.stm32cube.ide.mcu.externaltools.gnu-tools-for-stm32.9-2020-q2-update.win32_1.5.0.202011040924/tools/bin/../lib/gcc/arm-none-eabi/9.3.1/thumb/v7e-m+fp/hard\libgcc.a(_arm_muldivdf3.o)
                0x00000000080005f8                __aeabi_dmul
                0x00000000080005f8                __muldf3
                0x000000000800084c                __divdf3
                0x000000000800084c                __aeabi_ddiv
 .text          0x0000000008000a1c      0x110 c:/st/stm32cubeide_1.6.0/stm32cubeide/plugins/com.st.stm32cube.ide.mcu.externaltools.gnu-tools-for-stm32.9-2020-q2-update.win32_1.5.0.202011040924/tools/bin/../lib/gcc/arm-none-eabi/9.3.1/thumb/v7e-m+fp/hard\libgcc.a(_arm_cmpdf2.o)
                0x0000000008000a1c                __gtdf2
                0x0000000008000a1c                __gedf2
                0x0000000008000a24                __ltdf2
                0x0000000008000a24                __ledf2
                0x0000000008000a2c                __nedf2
                0x0000000008000a2c                __eqdf2
                0x0000000008000a2c                __cmpdf2
                0x0000000008000aa8                __aeabi_cdrcmple
                0x0000000008000ab8                __aeabi_cdcmpeq
                0x0000000008000ab8                __aeabi_cdcmple
                0x0000000008000ac8                __aeabi_dcmpeq
                0x0000000008000adc                __aeabi_dcmplt
                0x0000000008000af0                __aeabi_dcmple
                0x0000000008000b04                __aeabi_dcmpge
                0x0000000008000b18                __aeabi_dcmpgt
 .text          0x0000000008000b2c       0x2c c:/st/stm32cubeide_1.6.0/stm32cubeide/plugins/com.st.stm32cube.ide.mcu.externaltools.gnu-tools-for-stm32.9-2020-q2-update.win32_1.5.0.202011040924/tools/bin/../lib/gcc/arm-none-eabi/9.3.1/thumb/v7e-m+fp/hard\libgcc.a(_arm_unorddf2.o)
                0x0000000008000b2c                __unorddf2
                0x0000000008000b2c                __aeabi_dcmpun
 .text          0x0000000008000b58       0x50 c:/st/stm32cubeide_1.6.0/stm32cubeide/plugins/com.st.stm32cube.ide.mcu.externaltools.gnu-tools-for-stm32.9-2020-q2-update.win32_1.5.0.202011040924/tools/bin/../lib/gcc/arm-none-eabi/9.3.1/thumb/v7e-m+fp/hard\libgcc.a(_arm_fixdfsi.o)
                0x0000000008000b58                __aeabi_d2iz
                0x0000000008000b58                __fixdfsi
 .text          0x0000000008000ba8       0x40 c:/st/stm32cubeide_1.6.0/stm32cubeide/plugins/com.st.stm32cube.ide.mcu.externaltools.gnu-tools-for-stm32.9-2020-q2-update.win32_1.5.0.202011040924/tools/bin/../lib/gcc/arm-none-eabi/9.3.1/thumb/v7e-m+fp/hard\libgcc.a(_arm_fixunsdfsi.o)
                0x0000000008000ba8                __aeabi_d2uiz
                0x0000000008000ba8                __fixunsdfsi
 .text          0x0000000008000be8       0xa0 c:/st/stm32cubeide_1.6.0/stm32cubeide/plugins/com.st.stm32cube.ide.mcu.externaltools.gnu-tools-for-stm32.9-2020-q2-update.win32_1.5.0.202011040924/tools/bin/../lib/gcc/arm-none-eabi/9.3.1/thumb/v7e-m+fp/hard\libgcc.a(_arm_truncdfsf2.o)
                0x0000000008000be8                __truncdfsf2
                0x0000000008000be8                __aeabi_d2f
 .text          0x0000000008000c88       0x30 c:/st/stm32cubeide_1.6.0/stm32cubeide/plugins/com.st.stm32cube.ide.mcu.externaltools.gnu-tools-for-stm32.9-2020-q2-update.win32_1.5.0.202011040924/tools/bin/../lib/gcc/arm-none-eabi/9.3.1/thumb/v7e-m+fp/hard\libgcc.a(_aeabi_uldivmod.o)
                0x0000000008000c88                __aeabi_uldivmod
 .text          0x0000000008000cb8       0x30 c:/st/stm32cubeide_1.6.0/stm32cubeide/plugins/com.st.stm32cube.ide.mcu.externaltools.gnu-tools-for-stm32.9-2020-q2-update.win32_1.5.0.202011040924/tools/bin/../lib/gcc/arm-none-eabi/9.3.1/thumb/v7e-m+fp/hard\libgcc.a(_fixdfdi.o)
                0x0000000008000cb8                __fixdfdi
                0x0000000008000cb8                __aeabi_d2lz
 .text          0x0000000008000ce8       0x3c c:/st/stm32cubeide_1.6.0/stm32cubeide/plugins/com.st.stm32cube.ide.mcu.externaltools.gnu-tools-for-stm32.9-2020-q2-update.win32_1.5.0.202011040924/tools/bin/../lib/gcc/arm-none-eabi/9.3.1/thumb/v7e-m+fp/hard\libgcc.a(_fixunsdfdi.o)
                0x0000000008000ce8                __fixunsdfdi
                0x0000000008000ce8                __aeabi_d2ulz
 .text          0x0000000008000d24      0x2c4 c:/st/stm32cubeide_1.6.0/stm32cubeide/plugins/com.st.stm32cube.ide.mcu.externaltools.gnu-tools-for-stm32.9-2020-q2-update.win32_1.5.0.202011040924/tools/bin/../lib/gcc/arm-none-eabi/9.3.1/thumb/v7e-m+fp/hard\libgcc.a(_udivmoddi4.o)
                0x0000000008000d24                __udivmoddi4
 .text          0x0000000008000fe8        0x4 c:/st/stm32cubeide_1.6.0/stm32cubeide/plugins/com.st.stm32cube.ide.mcu.externaltools.gnu-tools-for-stm32.9-2020-q2-update.win32_1.5.0.202011040924/tools/bin/../lib/gcc/arm-none-eabi/9.3.1/thumb/v7e-m+fp/hard\libgcc.a(_dvmd_tls.o)
                0x0000000008000fe8                __aeabi_idiv0
                0x0000000008000fe8                __aeabi_ldiv0
 *(.text*)
 .text.buzz     0x0000000008000fec       0x80 Core/Src/Buzzer.o
                0x0000000008000fec                buzz
 *fill*         0x000000000800106c        0x4 
 .text.sing     0x0000000008001070      0x134 Core/Src/Buzzer.o
                0x0000000008001070                sing
 .text.GetSector
                0x00000000080011a4      0x160 Core/Src/FLASH_SECTOR.o
                0x00000000080011a4                GetSector
 .text.Flash_Write_Data
                0x0000000008001304       0xb0 Core/Src/FLASH_SECTOR.o
                0x0000000008001304                Flash_Write_Data
 .text.Flash_Read_Data
                0x00000000080013b4       0x42 Core/Src/FLASH_SECTOR.o
                0x00000000080013b4                Flash_Read_Data
 *fill*         0x00000000080013f6        0x2 
 .text.SaveParameters
                0x00000000080013f8       0x18 Core/Src/NextionFunctions.o
                0x00000000080013f8                SaveParameters
 .text.LoadParameters
                0x0000000008001410       0x18 Core/Src/NextionFunctions.o
                0x0000000008001410                LoadParameters
 .text.HAL_UART_RxCpltCallback
                0x0000000008001428       0x2c Core/Src/NextionFunctions.o
                0x0000000008001428                HAL_UART_RxCpltCallback
 .text.NEXTION_SendString
                0x0000000008001454       0x4c Core/Src/NextionFunctions.o
                0x0000000008001454                NEXTION_SendString
 .text.NEXTION_SendFloat
                0x00000000080014a0       0x5c Core/Src/NextionFunctions.o
                0x00000000080014a0                NEXTION_SendFloat
 .text.NEXTION_SenduInt
                0x00000000080014fc       0x4c Core/Src/NextionFunctions.o
                0x00000000080014fc                NEXTION_SenduInt
 .text.NEXTION_CMD
                0x0000000008001548       0x3c Core/Src/NextionFunctions.o
                0x0000000008001548                NEXTION_CMD
 .text.NextionDrawDot
                0x0000000008001584       0x4c Core/Src/NextionFunctions.o
                0x0000000008001584                NextionDrawDot
 .text.NextionDrawTemp
                0x00000000080015d0       0x58 Core/Src/NextionFunctions.o
                0x00000000080015d0                NextionDrawTemp
 .text.HandleKeyPad
                0x0000000008001628       0xe0 Core/Src/NextionFunctions.o
                0x0000000008001628                HandleKeyPad
 .text.Update_Page_3
                0x0000000008001708       0xc0 Core/Src/NextionFunctions.o
                0x0000000008001708                Update_Page_3
 .text.Update_Page_0
                0x00000000080017c8      0x148 Core/Src/NextionFunctions.o
                0x00000000080017c8                Update_Page_0
 .text.Update_Page_2
                0x0000000008001910       0x88 Core/Src/NextionFunctions.o
                0x0000000008001910                Update_Page_2
 .text.HandleGui
                0x0000000008001998      0x7f0 Core/Src/NextionFunctions.o
                0x0000000008001998                HandleGui
 .text.startReflow
                0x0000000008002188       0x5c Core/Src/NextionFunctions.o
                0x0000000008002188                startReflow
 .text.stopReflow
                0x00000000080021e4       0x54 Core/Src/NextionFunctions.o
                0x00000000080021e4                stopReflow
 .text.Draw_Reflow_Curve
                0x0000000008002238       0xa8 Core/Src/NextionFunctions.o
                0x0000000008002238                Draw_Reflow_Curve
 .text.setReflowParameters
                0x00000000080022e0       0x5c Core/Src/NextionFunctions.o
                0x00000000080022e0                setReflowParameters
 *fill*         0x000000000800233c        0x4 
 .text.calculateReflowCurve
                0x0000000008002340      0x298 Core/Src/NextionFunctions.o
                0x0000000008002340                calculateReflowCurve
 .text.initFlags
                0x00000000080025d8       0x38 Core/Src/NextionFunctions.o
                0x00000000080025d8                initFlags
 .text.arm_pid_init_f32
                0x0000000008002610       0x6c Core/Src/arm_pid_init_f32.o
                0x0000000008002610                arm_pid_init_f32
 .text.delay_us
                0x000000000800267c       0x30 Core/Src/functions.o
                0x000000000800267c                delay_us
 .text.readTemperatureData
                0x00000000080026ac       0xa0 Core/Src/functions.o
                0x00000000080026ac                readTemperatureData
 .text.HAL_TIM_PeriodElapsedCallback
                0x000000000800274c       0x14 Core/Src/functions.o
                0x000000000800274c                HAL_TIM_PeriodElapsedCallback
 .text.main     0x0000000008002760      0x1b8 Core/Src/main.o
                0x0000000008002760                main
 .text.SystemClock_Config
                0x0000000008002918       0xd4 Core/Src/main.o
                0x0000000008002918                SystemClock_Config
 .text.MX_ADC1_Init
                0x00000000080029ec       0xa4 Core/Src/main.o
 .text.MX_SPI1_Init
                0x0000000008002a90       0x6c Core/Src/main.o
 .text.MX_TIM1_Init
                0x0000000008002afc       0xb0 Core/Src/main.o
 .text.MX_TIM2_Init
                0x0000000008002bac       0x98 Core/Src/main.o
 .text.MX_TIM3_Init
                0x0000000008002c44      0x104 Core/Src/main.o
 .text.MX_TIM5_Init
                0x0000000008002d48       0x9c Core/Src/main.o
 .text.MX_USART1_UART_Init
                0x0000000008002de4       0x54 Core/Src/main.o
 .text.MX_GPIO_Init
                0x0000000008002e38      0x250 Core/Src/main.o
 .text.Error_Handler
                0x0000000008003088        0xe Core/Src/main.o
                0x0000000008003088                Error_Handler
 *fill*         0x0000000008003096        0x2 
 .text.HAL_MspInit
                0x0000000008003098       0x50 Core/Src/stm32f4xx_hal_msp.o
                0x0000000008003098                HAL_MspInit
 .text.HAL_ADC_MspInit
                0x00000000080030e8       0x88 Core/Src/stm32f4xx_hal_msp.o
                0x00000000080030e8                HAL_ADC_MspInit
 .text.HAL_SPI_MspInit
                0x0000000008003170       0x90 Core/Src/stm32f4xx_hal_msp.o
                0x0000000008003170                HAL_SPI_MspInit
 .text.HAL_TIM_Encoder_MspInit
                0x0000000008003200       0xa0 Core/Src/stm32f4xx_hal_msp.o
                0x0000000008003200                HAL_TIM_Encoder_MspInit
 .text.HAL_TIM_Base_MspInit
                0x00000000080032a0       0xb4 Core/Src/stm32f4xx_hal_msp.o
                0x00000000080032a0                HAL_TIM_Base_MspInit
 .text.HAL_TIM_MspPostInit
                0x0000000008003354       0x74 Core/Src/stm32f4xx_hal_msp.o
                0x0000000008003354                HAL_TIM_MspPostInit
 .text.HAL_UART_MspInit
                0x00000000080033c8       0xa0 Core/Src/stm32f4xx_hal_msp.o
                0x00000000080033c8                HAL_UART_MspInit
 .text.arm_pid_f32
                0x0000000008003468       0x78 Core/Src/stm32f4xx_it.o
 .text.NMI_Handler
                0x00000000080034e0        0xe Core/Src/stm32f4xx_it.o
                0x00000000080034e0                NMI_Handler
 .text.HardFault_Handler
                0x00000000080034ee        0x6 Core/Src/stm32f4xx_it.o
                0x00000000080034ee                HardFault_Handler
 .text.MemManage_Handler
                0x00000000080034f4        0x6 Core/Src/stm32f4xx_it.o
                0x00000000080034f4                MemManage_Handler
 .text.BusFault_Handler
                0x00000000080034fa        0x6 Core/Src/stm32f4xx_it.o
                0x00000000080034fa                BusFault_Handler
 .text.UsageFault_Handler
                0x0000000008003500        0x6 Core/Src/stm32f4xx_it.o
                0x0000000008003500                UsageFault_Handler
 .text.SVC_Handler
                0x0000000008003506        0xe Core/Src/stm32f4xx_it.o
                0x0000000008003506                SVC_Handler
 .text.DebugMon_Handler
                0x0000000008003514        0xe Core/Src/stm32f4xx_it.o
                0x0000000008003514                DebugMon_Handler
 .text.PendSV_Handler
                0x0000000008003522        0xe Core/Src/stm32f4xx_it.o
                0x0000000008003522                PendSV_Handler
 .text.SysTick_Handler
                0x0000000008003530        0xc Core/Src/stm32f4xx_it.o
                0x0000000008003530                SysTick_Handler
 .text.EXTI9_5_IRQHandler
                0x000000000800353c       0x4c Core/Src/stm32f4xx_it.o
                0x000000000800353c                EXTI9_5_IRQHandler
 .text.TIM1_BRK_TIM9_IRQHandler
                0x0000000008003588       0x14 Core/Src/stm32f4xx_it.o
                0x0000000008003588                TIM1_BRK_TIM9_IRQHandler
 .text.TIM2_IRQHandler
                0x000000000800359c      0x304 Core/Src/stm32f4xx_it.o
                0x000000000800359c                TIM2_IRQHandler
 .text.USART1_IRQHandler
                0x00000000080038a0       0x14 Core/Src/stm32f4xx_it.o
                0x00000000080038a0                USART1_IRQHandler
 .text.TIM5_IRQHandler
                0x00000000080038b4       0x14 Core/Src/stm32f4xx_it.o
                0x00000000080038b4                TIM5_IRQHandler
 .text.OTG_FS_IRQHandler
                0x00000000080038c8       0x14 Core/Src/stm32f4xx_it.o
                0x00000000080038c8                OTG_FS_IRQHandler
 .text._getpid  0x00000000080038dc       0x10 Core/Src/syscalls.o
                0x00000000080038dc                _getpid
 .text._kill    0x00000000080038ec       0x20 Core/Src/syscalls.o
                0x00000000080038ec                _kill
 .text._exit    0x000000000800390c       0x14 Core/Src/syscalls.o
                0x000000000800390c                _exit
 .text._read    0x0000000008003920       0x3a Core/Src/syscalls.o
                0x0000000008003920                _read
 .text._write   0x000000000800395a       0x38 Core/Src/syscalls.o
                0x000000000800395a                _write
 .text._close   0x0000000008003992       0x18 Core/Src/syscalls.o
                0x0000000008003992                _close
 .text._fstat   0x00000000080039aa       0x20 Core/Src/syscalls.o
                0x00000000080039aa                _fstat
 .text._isatty  0x00000000080039ca       0x16 Core/Src/syscalls.o
                0x00000000080039ca                _isatty
 .text._lseek   0x00000000080039e0       0x1a Core/Src/syscalls.o
                0x00000000080039e0                _lseek
 *fill*         0x00000000080039fa        0x2 
 .text._sbrk    0x00000000080039fc       0x6c Core/Src/sysmem.o
                0x00000000080039fc                _sbrk
 .text.SystemInit
                0x0000000008003a68       0x2c Core/Src/system_stm32f4xx.o
                0x0000000008003a68                SystemInit
 .text.Reset_Handler
                0x0000000008003a94       0x50 Core/Startup/startup_stm32f407vgtx.o
                0x0000000008003a94                Reset_Handler
 .text.Default_Handler
                0x0000000008003ae4        0x2 Core/Startup/startup_stm32f407vgtx.o
                0x0000000008003ae4                RTC_Alarm_IRQHandler
                0x0000000008003ae4                HASH_RNG_IRQHandler
                0x0000000008003ae4                EXTI2_IRQHandler
                0x0000000008003ae4                TIM8_CC_IRQHandler
                0x0000000008003ae4                TIM1_CC_IRQHandler
                0x0000000008003ae4                DMA2_Stream5_IRQHandler
                0x0000000008003ae4                DMA1_Stream5_IRQHandler
                0x0000000008003ae4                PVD_IRQHandler
                0x0000000008003ae4                SDIO_IRQHandler
                0x0000000008003ae4                TAMP_STAMP_IRQHandler
                0x0000000008003ae4                CAN2_RX1_IRQHandler
                0x0000000008003ae4                EXTI3_IRQHandler
                0x0000000008003ae4                TIM8_TRG_COM_TIM14_IRQHandler
                0x0000000008003ae4                TIM1_UP_TIM10_IRQHandler
                0x0000000008003ae4                TIM8_UP_TIM13_IRQHandler
                0x0000000008003ae4                I2C3_ER_IRQHandler
                0x0000000008003ae4                EXTI0_IRQHandler
                0x0000000008003ae4                I2C2_EV_IRQHandler
                0x0000000008003ae4                DMA1_Stream2_IRQHandler
                0x0000000008003ae4                CAN1_RX0_IRQHandler
                0x0000000008003ae4                FPU_IRQHandler
                0x0000000008003ae4                OTG_HS_WKUP_IRQHandler
                0x0000000008003ae4                CAN2_SCE_IRQHandler
                0x0000000008003ae4                DMA2_Stream2_IRQHandler
                0x0000000008003ae4                SPI1_IRQHandler
                0x0000000008003ae4                TIM6_DAC_IRQHandler
                0x0000000008003ae4                DCMI_IRQHandler
                0x0000000008003ae4                CAN2_RX0_IRQHandler
                0x0000000008003ae4                DMA2_Stream3_IRQHandler
                0x0000000008003ae4                USART6_IRQHandler
                0x0000000008003ae4                USART3_IRQHandler
                0x0000000008003ae4                CAN1_RX1_IRQHandler
                0x0000000008003ae4                UART5_IRQHandler
                0x0000000008003ae4                DMA2_Stream0_IRQHandler
                0x0000000008003ae4                TIM4_IRQHandler
                0x0000000008003ae4                I2C1_EV_IRQHandler
                0x0000000008003ae4                DMA1_Stream6_IRQHandler
                0x0000000008003ae4                DMA1_Stream1_IRQHandler
                0x0000000008003ae4                UART4_IRQHandler
                0x0000000008003ae4                TIM3_IRQHandler
                0x0000000008003ae4                RCC_IRQHandler
                0x0000000008003ae4                TIM8_BRK_TIM12_IRQHandler
                0x0000000008003ae4                Default_Handler
                0x0000000008003ae4                EXTI15_10_IRQHandler
                0x0000000008003ae4                ADC_IRQHandler
                0x0000000008003ae4                DMA1_Stream7_IRQHandler
                0x0000000008003ae4                TIM7_IRQHandler
                0x0000000008003ae4                CAN2_TX_IRQHandler
                0x0000000008003ae4                DMA2_Stream7_IRQHandler
                0x0000000008003ae4                I2C3_EV_IRQHandler
                0x0000000008003ae4                RTC_WKUP_IRQHandler
                0x0000000008003ae4                ETH_WKUP_IRQHandler
                0x0000000008003ae4                SPI2_IRQHandler
                0x0000000008003ae4                OTG_HS_EP1_IN_IRQHandler
                0x0000000008003ae4                DMA1_Stream0_IRQHandler
                0x0000000008003ae4                CAN1_TX_IRQHandler
                0x0000000008003ae4                EXTI4_IRQHandler
                0x0000000008003ae4                FSMC_IRQHandler
                0x0000000008003ae4                ETH_IRQHandler
                0x0000000008003ae4                OTG_HS_EP1_OUT_IRQHandler
                0x0000000008003ae4                WWDG_IRQHandler
                0x0000000008003ae4                OTG_FS_WKUP_IRQHandler
                0x0000000008003ae4                TIM1_TRG_COM_TIM11_IRQHandler
                0x0000000008003ae4                OTG_HS_IRQHandler
                0x0000000008003ae4                EXTI1_IRQHandler
                0x0000000008003ae4                USART2_IRQHandler
                0x0000000008003ae4                I2C2_ER_IRQHandler
                0x0000000008003ae4                DMA2_Stream1_IRQHandler
                0x0000000008003ae4                CAN1_SCE_IRQHandler
                0x0000000008003ae4                FLASH_IRQHandler
                0x0000000008003ae4                DMA2_Stream4_IRQHandler
                0x0000000008003ae4                SPI3_IRQHandler
                0x0000000008003ae4                DMA1_Stream4_IRQHandler
                0x0000000008003ae4                I2C1_ER_IRQHandler
                0x0000000008003ae4                DMA2_Stream6_IRQHandler
                0x0000000008003ae4                DMA1_Stream3_IRQHandler
 *fill*         0x0000000008003ae6        0x2 
 .text.HAL_Init
                0x0000000008003ae8       0x44 Drivers/STM32F4xx_HAL_Driver/Src/stm32f4xx_hal.o
                0x0000000008003ae8                HAL_Init
 .text.HAL_InitTick
                0x0000000008003b2c       0x60 Drivers/STM32F4xx_HAL_Driver/Src/stm32f4xx_hal.o
                0x0000000008003b2c                HAL_InitTick
 .text.HAL_IncTick
                0x0000000008003b8c       0x28 Drivers/STM32F4xx_HAL_Driver/Src/stm32f4xx_hal.o
                0x0000000008003b8c                HAL_IncTick
 .text.HAL_GetTick
                0x0000000008003bb4       0x18 Drivers/STM32F4xx_HAL_Driver/Src/stm32f4xx_hal.o
                0x0000000008003bb4                HAL_GetTick
 .text.HAL_Delay
                0x0000000008003bcc       0x48 Drivers/STM32F4xx_HAL_Driver/Src/stm32f4xx_hal.o
                0x0000000008003bcc                HAL_Delay
 .text.HAL_ADC_Init
                0x0000000008003c14       0x86 Drivers/STM32F4xx_HAL_Driver/Src/stm32f4xx_hal_adc.o
                0x0000000008003c14                HAL_ADC_Init
 *fill*         0x0000000008003c9a        0x2 
 .text.HAL_ADC_ConfigChannel
                0x0000000008003c9c      0x244 Drivers/STM32F4xx_HAL_Driver/Src/stm32f4xx_hal_adc.o
                0x0000000008003c9c                HAL_ADC_ConfigChannel
 .text.ADC_Init
                0x0000000008003ee0      0x1f8 Drivers/STM32F4xx_HAL_Driver/Src/stm32f4xx_hal_adc.o
 .text.__NVIC_SetPriorityGrouping
                0x00000000080040d8       0x48 Drivers/STM32F4xx_HAL_Driver/Src/stm32f4xx_hal_cortex.o
 .text.__NVIC_GetPriorityGrouping
                0x0000000008004120       0x1c Drivers/STM32F4xx_HAL_Driver/Src/stm32f4xx_hal_cortex.o
 .text.__NVIC_EnableIRQ
                0x000000000800413c       0x3c Drivers/STM32F4xx_HAL_Driver/Src/stm32f4xx_hal_cortex.o
 .text.__NVIC_DisableIRQ
                0x0000000008004178       0x48 Drivers/STM32F4xx_HAL_Driver/Src/stm32f4xx_hal_cortex.o
 .text.__NVIC_SetPriority
                0x00000000080041c0       0x54 Drivers/STM32F4xx_HAL_Driver/Src/stm32f4xx_hal_cortex.o
 .text.NVIC_EncodePriority
                0x0000000008004214       0x66 Drivers/STM32F4xx_HAL_Driver/Src/stm32f4xx_hal_cortex.o
 *fill*         0x000000000800427a        0x2 
 .text.SysTick_Config
                0x000000000800427c       0x44 Drivers/STM32F4xx_HAL_Driver/Src/stm32f4xx_hal_cortex.o
 .text.HAL_NVIC_SetPriorityGrouping
                0x00000000080042c0       0x16 Drivers/STM32F4xx_HAL_Driver/Src/stm32f4xx_hal_cortex.o
                0x00000000080042c0                HAL_NVIC_SetPriorityGrouping
 .text.HAL_NVIC_SetPriority
                0x00000000080042d6       0x38 Drivers/STM32F4xx_HAL_Driver/Src/stm32f4xx_hal_cortex.o
                0x00000000080042d6                HAL_NVIC_SetPriority
 .text.HAL_NVIC_EnableIRQ
                0x000000000800430e       0x1c Drivers/STM32F4xx_HAL_Driver/Src/stm32f4xx_hal_cortex.o
                0x000000000800430e                HAL_NVIC_EnableIRQ
 .text.HAL_NVIC_DisableIRQ
                0x000000000800432a       0x1c Drivers/STM32F4xx_HAL_Driver/Src/stm32f4xx_hal_cortex.o
                0x000000000800432a                HAL_NVIC_DisableIRQ
 .text.HAL_SYSTICK_Config
                0x0000000008004346       0x18 Drivers/STM32F4xx_HAL_Driver/Src/stm32f4xx_hal_cortex.o
                0x0000000008004346                HAL_SYSTICK_Config
 .text.HAL_DMA_Abort_IT
                0x000000000800435e       0x44 Drivers/STM32F4xx_HAL_Driver/Src/stm32f4xx_hal_dma.o
                0x000000000800435e                HAL_DMA_Abort_IT
 *fill*         0x00000000080043a2        0x2 
 .text.HAL_FLASH_Program
                0x00000000080043a4       0xa8 Drivers/STM32F4xx_HAL_Driver/Src/stm32f4xx_hal_flash.o
                0x00000000080043a4                HAL_FLASH_Program
 .text.HAL_FLASH_Unlock
                0x000000000800444c       0x44 Drivers/STM32F4xx_HAL_Driver/Src/stm32f4xx_hal_flash.o
                0x000000000800444c                HAL_FLASH_Unlock
 .text.HAL_FLASH_Lock
                0x0000000008004490       0x20 Drivers/STM32F4xx_HAL_Driver/Src/stm32f4xx_hal_flash.o
                0x0000000008004490                HAL_FLASH_Lock
 .text.HAL_FLASH_GetError
                0x00000000080044b0       0x18 Drivers/STM32F4xx_HAL_Driver/Src/stm32f4xx_hal_flash.o
                0x00000000080044b0                HAL_FLASH_GetError
 .text.FLASH_WaitForLastOperation
                0x00000000080044c8       0x80 Drivers/STM32F4xx_HAL_Driver/Src/stm32f4xx_hal_flash.o
                0x00000000080044c8                FLASH_WaitForLastOperation
 .text.FLASH_Program_DoubleWord
                0x0000000008004548       0x64 Drivers/STM32F4xx_HAL_Driver/Src/stm32f4xx_hal_flash.o
 .text.FLASH_Program_Word
                0x00000000080045ac       0x44 Drivers/STM32F4xx_HAL_Driver/Src/stm32f4xx_hal_flash.o
 .text.FLASH_Program_HalfWord
                0x00000000080045f0       0x48 Drivers/STM32F4xx_HAL_Driver/Src/stm32f4xx_hal_flash.o
 .text.FLASH_Program_Byte
                0x0000000008004638       0x44 Drivers/STM32F4xx_HAL_Driver/Src/stm32f4xx_hal_flash.o
 .text.FLASH_SetErrorCode
                0x000000000800467c       0xac Drivers/STM32F4xx_HAL_Driver/Src/stm32f4xx_hal_flash.o
 .text.HAL_FLASHEx_Erase
                0x0000000008004728       0xe0 Drivers/STM32F4xx_HAL_Driver/Src/stm32f4xx_hal_flash_ex.o
                0x0000000008004728                HAL_FLASHEx_Erase
 .text.FLASH_MassErase
                0x0000000008004808       0x48 Drivers/STM32F4xx_HAL_Driver/Src/stm32f4xx_hal_flash_ex.o
 .text.FLASH_Erase_Sector
                0x0000000008004850       0x90 Drivers/STM32F4xx_HAL_Driver/Src/stm32f4xx_hal_flash_ex.o
                0x0000000008004850                FLASH_Erase_Sector
 .text.FLASH_FlushCaches
                0x00000000080048e0       0x8c Drivers/STM32F4xx_HAL_Driver/Src/stm32f4xx_hal_flash_ex.o
                0x00000000080048e0                FLASH_FlushCaches
 .text.HAL_GPIO_Init
                0x000000000800496c      0x338 Drivers/STM32F4xx_HAL_Driver/Src/stm32f4xx_hal_gpio.o
                0x000000000800496c                HAL_GPIO_Init
 .text.HAL_GPIO_WritePin
                0x0000000008004ca4       0x32 Drivers/STM32F4xx_HAL_Driver/Src/stm32f4xx_hal_gpio.o
                0x0000000008004ca4                HAL_GPIO_WritePin
 .text.HAL_GPIO_TogglePin
                0x0000000008004cd6       0x36 Drivers/STM32F4xx_HAL_Driver/Src/stm32f4xx_hal_gpio.o
                0x0000000008004cd6                HAL_GPIO_TogglePin
 .text.HAL_GPIO_EXTI_IRQHandler
                0x0000000008004d0c       0x30 Drivers/STM32F4xx_HAL_Driver/Src/stm32f4xx_hal_gpio.o
                0x0000000008004d0c                HAL_GPIO_EXTI_IRQHandler
 .text.HAL_GPIO_EXTI_Callback
                0x0000000008004d3c       0x16 Drivers/STM32F4xx_HAL_Driver/Src/stm32f4xx_hal_gpio.o
                0x0000000008004d3c                HAL_GPIO_EXTI_Callback
 .text.HAL_PCD_Init
                0x0000000008004d52      0x23a Drivers/STM32F4xx_HAL_Driver/Src/stm32f4xx_hal_pcd.o
                0x0000000008004d52                HAL_PCD_Init
 .text.HAL_PCD_Start
                0x0000000008004f8c       0x66 Drivers/STM32F4xx_HAL_Driver/Src/stm32f4xx_hal_pcd.o
                0x0000000008004f8c                HAL_PCD_Start
 .text.HAL_PCD_Stop
                0x0000000008004ff2       0x72 Drivers/STM32F4xx_HAL_Driver/Src/stm32f4xx_hal_pcd.o
                0x0000000008004ff2                HAL_PCD_Stop
 .text.HAL_PCD_IRQHandler
                0x0000000008005064      0x764 Drivers/STM32F4xx_HAL_Driver/Src/stm32f4xx_hal_pcd.o
                0x0000000008005064                HAL_PCD_IRQHandler
 .text.HAL_PCD_SetAddress
                0x00000000080057c8       0x4a Drivers/STM32F4xx_HAL_Driver/Src/stm32f4xx_hal_pcd.o
                0x00000000080057c8                HAL_PCD_SetAddress
 .text.HAL_PCD_EP_Open
                0x0000000008005812       0xd0 Drivers/STM32F4xx_HAL_Driver/Src/stm32f4xx_hal_pcd.o
                0x0000000008005812                HAL_PCD_EP_Open
 .text.HAL_PCD_EP_Receive
                0x00000000080058e2       0x96 Drivers/STM32F4xx_HAL_Driver/Src/stm32f4xx_hal_pcd.o
                0x00000000080058e2                HAL_PCD_EP_Receive
 .text.HAL_PCD_EP_Transmit
                0x0000000008005978       0x94 Drivers/STM32F4xx_HAL_Driver/Src/stm32f4xx_hal_pcd.o
                0x0000000008005978                HAL_PCD_EP_Transmit
 .text.HAL_PCD_EP_SetStall
                0x0000000008005a0c       0xc8 Drivers/STM32F4xx_HAL_Driver/Src/stm32f4xx_hal_pcd.o
                0x0000000008005a0c                HAL_PCD_EP_SetStall
 .text.HAL_PCD_EP_ClrStall
                0x0000000008005ad4       0xac Drivers/STM32F4xx_HAL_Driver/Src/stm32f4xx_hal_pcd.o
                0x0000000008005ad4                HAL_PCD_EP_ClrStall
 .text.PCD_WriteEmptyTxFifo
                0x0000000008005b80      0x11a Drivers/STM32F4xx_HAL_Driver/Src/stm32f4xx_hal_pcd.o
 *fill*         0x0000000008005c9a        0x2 
 .text.PCD_EP_OutXfrComplete_int
                0x0000000008005c9c      0x218 Drivers/STM32F4xx_HAL_Driver/Src/stm32f4xx_hal_pcd.o
 .text.PCD_EP_OutSetupPacket_int
                0x0000000008005eb4       0x8c Drivers/STM32F4xx_HAL_Driver/Src/stm32f4xx_hal_pcd.o
 .text.HAL_PCDEx_SetTxFiFo
                0x0000000008005f40       0x8e Drivers/STM32F4xx_HAL_Driver/Src/stm32f4xx_hal_pcd_ex.o
                0x0000000008005f40                HAL_PCDEx_SetTxFiFo
 .text.HAL_PCDEx_SetRxFiFo
                0x0000000008005fce       0x22 Drivers/STM32F4xx_HAL_Driver/Src/stm32f4xx_hal_pcd_ex.o
                0x0000000008005fce                HAL_PCDEx_SetRxFiFo
 .text.HAL_PCDEx_LPM_Callback
                0x0000000008005ff0       0x18 Drivers/STM32F4xx_HAL_Driver/Src/stm32f4xx_hal_pcd_ex.o
                0x0000000008005ff0                HAL_PCDEx_LPM_Callback
 .text.HAL_RCC_OscConfig
                0x0000000008006008      0x4e0 Drivers/STM32F4xx_HAL_Driver/Src/stm32f4xx_hal_rcc.o
                0x0000000008006008                HAL_RCC_OscConfig
 .text.HAL_RCC_ClockConfig
                0x00000000080064e8      0x1cc Drivers/STM32F4xx_HAL_Driver/Src/stm32f4xx_hal_rcc.o
                0x00000000080064e8                HAL_RCC_ClockConfig
 .text.HAL_RCC_GetSysClockFreq
                0x00000000080066b4      0x1c4 Drivers/STM32F4xx_HAL_Driver/Src/stm32f4xx_hal_rcc.o
                0x00000000080066b4                HAL_RCC_GetSysClockFreq
 .text.HAL_RCC_GetHCLKFreq
                0x0000000008006878       0x18 Drivers/STM32F4xx_HAL_Driver/Src/stm32f4xx_hal_rcc.o
                0x0000000008006878                HAL_RCC_GetHCLKFreq
 .text.HAL_RCC_GetPCLK1Freq
                0x0000000008006890       0x28 Drivers/STM32F4xx_HAL_Driver/Src/stm32f4xx_hal_rcc.o
                0x0000000008006890                HAL_RCC_GetPCLK1Freq
 .text.HAL_RCC_GetPCLK2Freq
                0x00000000080068b8       0x28 Drivers/STM32F4xx_HAL_Driver/Src/stm32f4xx_hal_rcc.o
                0x00000000080068b8                HAL_RCC_GetPCLK2Freq
 .text.HAL_SPI_Init
                0x00000000080068e0       0xc8 Drivers/STM32F4xx_HAL_Driver/Src/stm32f4xx_hal_spi.o
                0x00000000080068e0                HAL_SPI_Init
 .text.HAL_SPI_Receive
                0x00000000080069a8      0x212 Drivers/STM32F4xx_HAL_Driver/Src/stm32f4xx_hal_spi.o
                0x00000000080069a8                HAL_SPI_Receive
 .text.HAL_SPI_TransmitReceive
                0x0000000008006bba      0x344 Drivers/STM32F4xx_HAL_Driver/Src/stm32f4xx_hal_spi.o
                0x0000000008006bba                HAL_SPI_TransmitReceive
 .text.SPI_WaitFlagStateUntilTimeout
                0x0000000008006efe       0xd4 Drivers/STM32F4xx_HAL_Driver/Src/stm32f4xx_hal_spi.o
 .text.SPI_EndRxTransaction
                0x0000000008006fd2       0xca Drivers/STM32F4xx_HAL_Driver/Src/stm32f4xx_hal_spi.o
 .text.SPI_EndRxTxTransaction
                0x000000000800709c       0x84 Drivers/STM32F4xx_HAL_Driver/Src/stm32f4xx_hal_spi.o
 .text.HAL_TIM_Base_Init
                0x0000000008007120       0x56 Drivers/STM32F4xx_HAL_Driver/Src/stm32f4xx_hal_tim.o
                0x0000000008007120                HAL_TIM_Base_Init
 .text.HAL_TIM_Base_Start_IT
                0x0000000008007176       0x48 Drivers/STM32F4xx_HAL_Driver/Src/stm32f4xx_hal_tim.o
                0x0000000008007176                HAL_TIM_Base_Start_IT
 .text.HAL_TIM_PWM_Init
                0x00000000080071be       0x56 Drivers/STM32F4xx_HAL_Driver/Src/stm32f4xx_hal_tim.o
                0x00000000080071be                HAL_TIM_PWM_Init
 .text.HAL_TIM_PWM_MspInit
                0x0000000008007214       0x14 Drivers/STM32F4xx_HAL_Driver/Src/stm32f4xx_hal_tim.o
                0x0000000008007214                HAL_TIM_PWM_MspInit
 .text.HAL_TIM_PWM_Start
                0x0000000008007228       0x7c Drivers/STM32F4xx_HAL_Driver/Src/stm32f4xx_hal_tim.o
                0x0000000008007228                HAL_TIM_PWM_Start
 .text.HAL_TIM_PWM_Stop
                0x00000000080072a4       0xb0 Drivers/STM32F4xx_HAL_Driver/Src/stm32f4xx_hal_tim.o
                0x00000000080072a4                HAL_TIM_PWM_Stop
 .text.HAL_TIM_Encoder_Init
                0x0000000008007354      0x124 Drivers/STM32F4xx_HAL_Driver/Src/stm32f4xx_hal_tim.o
                0x0000000008007354                HAL_TIM_Encoder_Init
 .text.HAL_TIM_IRQHandler
                0x0000000008007478      0x210 Drivers/STM32F4xx_HAL_Driver/Src/stm32f4xx_hal_tim.o
                0x0000000008007478                HAL_TIM_IRQHandler
 .text.HAL_TIM_PWM_ConfigChannel
                0x0000000008007688      0x18c Drivers/STM32F4xx_HAL_Driver/Src/stm32f4xx_hal_tim.o
                0x0000000008007688                HAL_TIM_PWM_ConfigChannel
 .text.HAL_TIM_ConfigClockSource
                0x0000000008007814      0x188 Drivers/STM32F4xx_HAL_Driver/Src/stm32f4xx_hal_tim.o
                0x0000000008007814                HAL_TIM_ConfigClockSource
 .text.HAL_TIM_OC_DelayElapsedCallback
                0x000000000800799c       0x14 Drivers/STM32F4xx_HAL_Driver/Src/stm32f4xx_hal_tim.o
                0x000000000800799c                HAL_TIM_OC_DelayElapsedCallback
 .text.HAL_TIM_IC_CaptureCallback
                0x00000000080079b0       0x14 Drivers/STM32F4xx_HAL_Driver/Src/stm32f4xx_hal_tim.o
                0x00000000080079b0                HAL_TIM_IC_CaptureCallback
 .text.HAL_TIM_PWM_PulseFinishedCallback
                0x00000000080079c4       0x14 Drivers/STM32F4xx_HAL_Driver/Src/stm32f4xx_hal_tim.o
                0x00000000080079c4                HAL_TIM_PWM_PulseFinishedCallback
 .text.HAL_TIM_TriggerCallback
                0x00000000080079d8       0x14 Drivers/STM32F4xx_HAL_Driver/Src/stm32f4xx_hal_tim.o
                0x00000000080079d8                HAL_TIM_TriggerCallback
 .text.TIM_Base_SetConfig
                0x00000000080079ec      0x140 Drivers/STM32F4xx_HAL_Driver/Src/stm32f4xx_hal_tim.o
                0x00000000080079ec                TIM_Base_SetConfig
 .text.TIM_OC1_SetConfig
                0x0000000008007b2c       0xe0 Drivers/STM32F4xx_HAL_Driver/Src/stm32f4xx_hal_tim.o
 .text.TIM_OC2_SetConfig
                0x0000000008007c0c       0xec Drivers/STM32F4xx_HAL_Driver/Src/stm32f4xx_hal_tim.o
                0x0000000008007c0c                TIM_OC2_SetConfig
 .text.TIM_OC3_SetConfig
                0x0000000008007cf8       0xe8 Drivers/STM32F4xx_HAL_Driver/Src/stm32f4xx_hal_tim.o
 .text.TIM_OC4_SetConfig
                0x0000000008007de0       0xac Drivers/STM32F4xx_HAL_Driver/Src/stm32f4xx_hal_tim.o
 .text.TIM_TI1_ConfigInputStage
                0x0000000008007e8c       0x5e Drivers/STM32F4xx_HAL_Driver/Src/stm32f4xx_hal_tim.o
 .text.TIM_TI2_ConfigInputStage
                0x0000000008007eea       0x60 Drivers/STM32F4xx_HAL_Driver/Src/stm32f4xx_hal_tim.o
 .text.TIM_ITRx_SetConfig
                0x0000000008007f4a       0x36 Drivers/STM32F4xx_HAL_Driver/Src/stm32f4xx_hal_tim.o
 .text.TIM_ETR_SetConfig
                0x0000000008007f80       0x40 Drivers/STM32F4xx_HAL_Driver/Src/stm32f4xx_hal_tim.o
                0x0000000008007f80                TIM_ETR_SetConfig
 .text.TIM_CCxChannelCmd
                0x0000000008007fc0       0x4a Drivers/STM32F4xx_HAL_Driver/Src/stm32f4xx_hal_tim.o
                0x0000000008007fc0                TIM_CCxChannelCmd
 *fill*         0x000000000800800a        0x2 
 .text.HAL_TIMEx_MasterConfigSynchronization
                0x000000000800800c       0xf8 Drivers/STM32F4xx_HAL_Driver/Src/stm32f4xx_hal_tim_ex.o
                0x000000000800800c                HAL_TIMEx_MasterConfigSynchronization
 .text.HAL_TIMEx_CommutCallback
                0x0000000008008104       0x14 Drivers/STM32F4xx_HAL_Driver/Src/stm32f4xx_hal_tim_ex.o
                0x0000000008008104                HAL_TIMEx_CommutCallback
 .text.HAL_TIMEx_BreakCallback
                0x0000000008008118       0x14 Drivers/STM32F4xx_HAL_Driver/Src/stm32f4xx_hal_tim_ex.o
                0x0000000008008118                HAL_TIMEx_BreakCallback
 .text.HAL_UART_Init
                0x000000000800812c       0x9a Drivers/STM32F4xx_HAL_Driver/Src/stm32f4xx_hal_uart.o
                0x000000000800812c                HAL_UART_Init
 .text.HAL_UART_Transmit
                0x00000000080081c6      0x132 Drivers/STM32F4xx_HAL_Driver/Src/stm32f4xx_hal_uart.o
                0x00000000080081c6                HAL_UART_Transmit
 .text.HAL_UART_Receive_IT
                0x00000000080082f8       0xaa Drivers/STM32F4xx_HAL_Driver/Src/stm32f4xx_hal_uart.o
                0x00000000080082f8                HAL_UART_Receive_IT
 *fill*         0x00000000080083a2        0x2 
 .text.HAL_UART_IRQHandler
                0x00000000080083a4      0x200 Drivers/STM32F4xx_HAL_Driver/Src/stm32f4xx_hal_uart.o
                0x00000000080083a4                HAL_UART_IRQHandler
 .text.HAL_UART_TxCpltCallback
                0x00000000080085a4       0x14 Drivers/STM32F4xx_HAL_Driver/Src/stm32f4xx_hal_uart.o
                0x00000000080085a4                HAL_UART_TxCpltCallback
 .text.HAL_UART_ErrorCallback
                0x00000000080085b8       0x14 Drivers/STM32F4xx_HAL_Driver/Src/stm32f4xx_hal_uart.o
                0x00000000080085b8                HAL_UART_ErrorCallback
 .text.UART_WaitOnFlagUntilTimeout
                0x00000000080085cc       0x94 Drivers/STM32F4xx_HAL_Driver/Src/stm32f4xx_hal_uart.o
 .text.UART_EndRxTransfer
                0x0000000008008660       0x3c Drivers/STM32F4xx_HAL_Driver/Src/stm32f4xx_hal_uart.o
 .text.UART_DMAAbortOnError
                0x000000000800869c       0x28 Drivers/STM32F4xx_HAL_Driver/Src/stm32f4xx_hal_uart.o
 .text.UART_Transmit_IT
                0x00000000080086c4       0xac Drivers/STM32F4xx_HAL_Driver/Src/stm32f4xx_hal_uart.o
 .text.UART_EndTransmit_IT
                0x0000000008008770       0x30 Drivers/STM32F4xx_HAL_Driver/Src/stm32f4xx_hal_uart.o
 .text.UART_Receive_IT
                0x00000000080087a0      0x102 Drivers/STM32F4xx_HAL_Driver/Src/stm32f4xx_hal_uart.o
 *fill*         0x00000000080088a2        0x2 
 .text.UART_SetConfig
                0x00000000080088a4      0x738 Drivers/STM32F4xx_HAL_Driver/Src/stm32f4xx_hal_uart.o
 .text.USB_CoreInit
                0x0000000008008fdc       0xc2 Drivers/STM32F4xx_HAL_Driver/Src/stm32f4xx_ll_usb.o
                0x0000000008008fdc                USB_CoreInit
 *fill*         0x000000000800909e        0x2 
 .text.USB_SetTurnaroundTime
                0x00000000080090a0      0x144 Drivers/STM32F4xx_HAL_Driver/Src/stm32f4xx_ll_usb.o
                0x00000000080090a0                USB_SetTurnaroundTime
 .text.USB_EnableGlobalInt
                0x00000000080091e4       0x22 Drivers/STM32F4xx_HAL_Driver/Src/stm32f4xx_ll_usb.o
                0x00000000080091e4                USB_EnableGlobalInt
 .text.USB_DisableGlobalInt
                0x0000000008009206       0x22 Drivers/STM32F4xx_HAL_Driver/Src/stm32f4xx_ll_usb.o
                0x0000000008009206                USB_DisableGlobalInt
 .text.USB_SetCurrentMode
                0x0000000008009228       0x54 Drivers/STM32F4xx_HAL_Driver/Src/stm32f4xx_ll_usb.o
                0x0000000008009228                USB_SetCurrentMode
 .text.USB_DevInit
                0x000000000800927c      0x2c8 Drivers/STM32F4xx_HAL_Driver/Src/stm32f4xx_ll_usb.o
                0x000000000800927c                USB_DevInit
 .text.USB_FlushTxFifo
                0x0000000008009544       0x4c Drivers/STM32F4xx_HAL_Driver/Src/stm32f4xx_ll_usb.o
                0x0000000008009544                USB_FlushTxFifo
 .text.USB_FlushRxFifo
                0x0000000008009590       0x44 Drivers/STM32F4xx_HAL_Driver/Src/stm32f4xx_ll_usb.o
                0x0000000008009590                USB_FlushRxFifo
 .text.USB_SetDevSpeed
                0x00000000080095d4       0x32 Drivers/STM32F4xx_HAL_Driver/Src/stm32f4xx_ll_usb.o
                0x00000000080095d4                USB_SetDevSpeed
 .text.USB_GetDevSpeed
                0x0000000008009606       0x4a Drivers/STM32F4xx_HAL_Driver/Src/stm32f4xx_ll_usb.o
                0x0000000008009606                USB_GetDevSpeed
 .text.USB_ActivateEndpoint
                0x0000000008009650      0x10e Drivers/STM32F4xx_HAL_Driver/Src/stm32f4xx_ll_usb.o
                0x0000000008009650                USB_ActivateEndpoint
 *fill*         0x000000000800975e        0x2 
 .text.USB_EPStartXfer
                0x0000000008009760      0x488 Drivers/STM32F4xx_HAL_Driver/Src/stm32f4xx_ll_usb.o
                0x0000000008009760                USB_EPStartXfer
 .text.USB_EP0StartXfer
                0x0000000008009be8      0x2a6 Drivers/STM32F4xx_HAL_Driver/Src/stm32f4xx_ll_usb.o
                0x0000000008009be8                USB_EP0StartXfer
 .text.USB_WritePacket
                0x0000000008009e8e       0x6a Drivers/STM32F4xx_HAL_Driver/Src/stm32f4xx_ll_usb.o
                0x0000000008009e8e                USB_WritePacket
 .text.USB_ReadPacket
                0x0000000008009ef8       0x52 Drivers/STM32F4xx_HAL_Driver/Src/stm32f4xx_ll_usb.o
                0x0000000008009ef8                USB_ReadPacket
 .text.USB_EPSetStall
                0x0000000008009f4a       0xdc Drivers/STM32F4xx_HAL_Driver/Src/stm32f4xx_ll_usb.o
                0x0000000008009f4a                USB_EPSetStall
 .text.USB_EPClearStall
                0x000000000800a026       0xcc Drivers/STM32F4xx_HAL_Driver/Src/stm32f4xx_ll_usb.o
                0x000000000800a026                USB_EPClearStall
 .text.USB_SetDevAddress
                0x000000000800a0f2       0x4c Drivers/STM32F4xx_HAL_Driver/Src/stm32f4xx_ll_usb.o
                0x000000000800a0f2                USB_SetDevAddress
 .text.USB_DevConnect
                0x000000000800a13e       0x42 Drivers/STM32F4xx_HAL_Driver/Src/stm32f4xx_ll_usb.o
                0x000000000800a13e                USB_DevConnect
 .text.USB_DevDisconnect
                0x000000000800a180       0x42 Drivers/STM32F4xx_HAL_Driver/Src/stm32f4xx_ll_usb.o
                0x000000000800a180                USB_DevDisconnect
 .text.USB_ReadInterrupts
                0x000000000800a1c2       0x26 Drivers/STM32F4xx_HAL_Driver/Src/stm32f4xx_ll_usb.o
                0x000000000800a1c2                USB_ReadInterrupts
 .text.USB_ReadDevAllOutEpInterrupt
                0x000000000800a1e8       0x34 Drivers/STM32F4xx_HAL_Driver/Src/stm32f4xx_ll_usb.o
                0x000000000800a1e8                USB_ReadDevAllOutEpInterrupt
 .text.USB_ReadDevAllInEpInterrupt
                0x000000000800a21c       0x34 Drivers/STM32F4xx_HAL_Driver/Src/stm32f4xx_ll_usb.o
                0x000000000800a21c                USB_ReadDevAllInEpInterrupt
 .text.USB_ReadDevOutEPInterrupt
                0x000000000800a250       0x3c Drivers/STM32F4xx_HAL_Driver/Src/stm32f4xx_ll_usb.o
                0x000000000800a250                USB_ReadDevOutEPInterrupt
 .text.USB_ReadDevInEPInterrupt
                0x000000000800a28c       0x5c Drivers/STM32F4xx_HAL_Driver/Src/stm32f4xx_ll_usb.o
                0x000000000800a28c                USB_ReadDevInEPInterrupt
 .text.USB_GetMode
                0x000000000800a2e8       0x1c Drivers/STM32F4xx_HAL_Driver/Src/stm32f4xx_ll_usb.o
                0x000000000800a2e8                USB_GetMode
 .text.USB_ActivateSetup
                0x000000000800a304       0x46 Drivers/STM32F4xx_HAL_Driver/Src/stm32f4xx_ll_usb.o
                0x000000000800a304                USB_ActivateSetup
 *fill*         0x000000000800a34a        0x2 
 .text.USB_EP0_OutStart
                0x000000000800a34c       0xbc Drivers/STM32F4xx_HAL_Driver/Src/stm32f4xx_ll_usb.o
                0x000000000800a34c                USB_EP0_OutStart
 .text.USB_CoreReset
                0x000000000800a408       0x68 Drivers/STM32F4xx_HAL_Driver/Src/stm32f4xx_ll_usb.o
 .text.__NVIC_SystemReset
                0x000000000800a470       0x2c Middlewares/ST/STM32_USB_Device_Library/Class/DFU/Src/usbd_dfu.o
 .text.USBD_DFU_Init
                0x000000000800a49c       0xb2 Middlewares/ST/STM32_USB_Device_Library/Class/DFU/Src/usbd_dfu.o
 .text.USBD_DFU_DeInit
                0x000000000800a54e       0x72 Middlewares/ST/STM32_USB_Device_Library/Class/DFU/Src/usbd_dfu.o
 .text.USBD_DFU_Setup
                0x000000000800a5c0      0x1d8 Middlewares/ST/STM32_USB_Device_Library/Class/DFU/Src/usbd_dfu.o
 .text.USBD_DFU_GetCfgDesc
                0x000000000800a798       0x20 Middlewares/ST/STM32_USB_Device_Library/Class/DFU/Src/usbd_dfu.o
 .text.USBD_DFU_EP0_RxReady
                0x000000000800a7b8       0x16 Middlewares/ST/STM32_USB_Device_Library/Class/DFU/Src/usbd_dfu.o
 .text.USBD_DFU_EP0_TxReady
                0x000000000800a7ce      0x1b4 Middlewares/ST/STM32_USB_Device_Library/Class/DFU/Src/usbd_dfu.o
 .text.USBD_DFU_SOF
                0x000000000800a982       0x16 Middlewares/ST/STM32_USB_Device_Library/Class/DFU/Src/usbd_dfu.o
 .text.USBD_DFU_GetDeviceQualifierDesc
                0x000000000800a998       0x20 Middlewares/ST/STM32_USB_Device_Library/Class/DFU/Src/usbd_dfu.o
 .text.USBD_DFU_GetUsrStringDesc
                0x000000000800a9b8       0x3c Middlewares/ST/STM32_USB_Device_Library/Class/DFU/Src/usbd_dfu.o
 .text.USBD_DFU_RegisterMedia
                0x000000000800a9f4       0x2a Middlewares/ST/STM32_USB_Device_Library/Class/DFU/Src/usbd_dfu.o
                0x000000000800a9f4                USBD_DFU_RegisterMedia
 *fill*         0x000000000800aa1e        0x2 
 .text.DFU_Detach
                0x000000000800aa20       0xc0 Middlewares/ST/STM32_USB_Device_Library/Class/DFU/Src/usbd_dfu.o
 .text.DFU_Download
                0x000000000800aae0       0xd2 Middlewares/ST/STM32_USB_Device_Library/Class/DFU/Src/usbd_dfu.o
 .text.DFU_Upload
                0x000000000800abb2      0x1aa Middlewares/ST/STM32_USB_Device_Library/Class/DFU/Src/usbd_dfu.o
 .text.DFU_GetStatus
                0x000000000800ad5c      0x164 Middlewares/ST/STM32_USB_Device_Library/Class/DFU/Src/usbd_dfu.o
 .text.DFU_ClearStatus
                0x000000000800aec0       0xa0 Middlewares/ST/STM32_USB_Device_Library/Class/DFU/Src/usbd_dfu.o
 .text.DFU_GetState
                0x000000000800af60       0x28 Middlewares/ST/STM32_USB_Device_Library/Class/DFU/Src/usbd_dfu.o
 .text.DFU_Abort
                0x000000000800af88       0x9a Middlewares/ST/STM32_USB_Device_Library/Class/DFU/Src/usbd_dfu.o
 *fill*         0x000000000800b022        0x2 
 .text.DFU_Leave
                0x000000000800b024       0x94 Middlewares/ST/STM32_USB_Device_Library/Class/DFU/Src/usbd_dfu.o
 .text.USBD_Init
                0x000000000800b0b8       0x6c Middlewares/ST/STM32_USB_Device_Library/Core/Src/usbd_core.o
                0x000000000800b0b8                USBD_Init
 .text.USBD_RegisterClass
                0x000000000800b124       0x42 Middlewares/ST/STM32_USB_Device_Library/Core/Src/usbd_core.o
                0x000000000800b124                USBD_RegisterClass
 .text.USBD_Start
                0x000000000800b166       0x18 Middlewares/ST/STM32_USB_Device_Library/Core/Src/usbd_core.o
                0x000000000800b166                USBD_Start
 .text.USBD_Stop
                0x000000000800b17e       0x4c Middlewares/ST/STM32_USB_Device_Library/Core/Src/usbd_core.o
                0x000000000800b17e                USBD_Stop
 .text.USBD_RunTestMode
                0x000000000800b1ca       0x16 Middlewares/ST/STM32_USB_Device_Library/Core/Src/usbd_core.o
                0x000000000800b1ca                USBD_RunTestMode
 .text.USBD_SetClassConfig
                0x000000000800b1e0       0x38 Middlewares/ST/STM32_USB_Device_Library/Core/Src/usbd_core.o
                0x000000000800b1e0                USBD_SetClassConfig
 .text.USBD_ClrClassConfig
                0x000000000800b218       0x30 Middlewares/ST/STM32_USB_Device_Library/Core/Src/usbd_core.o
                0x000000000800b218                USBD_ClrClassConfig
 .text.USBD_LL_SetupStage
                0x000000000800b248       0xaa Middlewares/ST/STM32_USB_Device_Library/Core/Src/usbd_core.o
                0x000000000800b248                USBD_LL_SetupStage
 .text.USBD_LL_DataOutStage
                0x000000000800b2f2       0xc6 Middlewares/ST/STM32_USB_Device_Library/Core/Src/usbd_core.o
                0x000000000800b2f2                USBD_LL_DataOutStage
 .text.USBD_LL_DataInStage
                0x000000000800b3b8      0x12c Middlewares/ST/STM32_USB_Device_Library/Core/Src/usbd_core.o
                0x000000000800b3b8                USBD_LL_DataInStage
 .text.USBD_LL_Reset
                0x000000000800b4e4       0x82 Middlewares/ST/STM32_USB_Device_Library/Core/Src/usbd_core.o
                0x000000000800b4e4                USBD_LL_Reset
 .text.USBD_LL_SetSpeed
                0x000000000800b566       0x20 Middlewares/ST/STM32_USB_Device_Library/Core/Src/usbd_core.o
                0x000000000800b566                USBD_LL_SetSpeed
 .text.USBD_LL_Suspend
                0x000000000800b586       0x2a Middlewares/ST/STM32_USB_Device_Library/Core/Src/usbd_core.o
                0x000000000800b586                USBD_LL_Suspend
 .text.USBD_LL_Resume
                0x000000000800b5b0       0x2c Middlewares/ST/STM32_USB_Device_Library/Core/Src/usbd_core.o
                0x000000000800b5b0                USBD_LL_Resume
 .text.USBD_LL_SOF
                0x000000000800b5dc       0x34 Middlewares/ST/STM32_USB_Device_Library/Core/Src/usbd_core.o
                0x000000000800b5dc                USBD_LL_SOF
 .text.USBD_LL_IsoINIncomplete
                0x000000000800b610       0x1a Middlewares/ST/STM32_USB_Device_Library/Core/Src/usbd_core.o
                0x000000000800b610                USBD_LL_IsoINIncomplete
 .text.USBD_LL_IsoOUTIncomplete
                0x000000000800b62a       0x1a Middlewares/ST/STM32_USB_Device_Library/Core/Src/usbd_core.o
                0x000000000800b62a                USBD_LL_IsoOUTIncomplete
 .text.USBD_LL_DevConnected
                0x000000000800b644       0x16 Middlewares/ST/STM32_USB_Device_Library/Core/Src/usbd_core.o
                0x000000000800b644                USBD_LL_DevConnected
 .text.USBD_LL_DevDisconnected
                0x000000000800b65a       0x38 Middlewares/ST/STM32_USB_Device_Library/Core/Src/usbd_core.o
                0x000000000800b65a                USBD_LL_DevDisconnected
 .text.SWAPBYTE
                0x000000000800b692       0x3c Middlewares/ST/STM32_USB_Device_Library/Core/Src/usbd_ctlreq.o
 *fill*         0x000000000800b6ce        0x2 
 .text.USBD_StdDevReq
                0x000000000800b6d0       0xdc Middlewares/ST/STM32_USB_Device_Library/Core/Src/usbd_ctlreq.o
                0x000000000800b6d0                USBD_StdDevReq
 .text.USBD_StdItfReq
                0x000000000800b7ac       0x90 Middlewares/ST/STM32_USB_Device_Library/Core/Src/usbd_ctlreq.o
                0x000000000800b7ac                USBD_StdItfReq
 .text.USBD_StdEPReq
                0x000000000800b83c      0x2ba Middlewares/ST/STM32_USB_Device_Library/Core/Src/usbd_ctlreq.o
                0x000000000800b83c                USBD_StdEPReq
 *fill*         0x000000000800baf6        0x2 
 .text.USBD_GetDescriptor
                0x000000000800baf8      0x2f8 Middlewares/ST/STM32_USB_Device_Library/Core/Src/usbd_ctlreq.o
 .text.USBD_SetAddress
                0x000000000800bdf0       0x86 Middlewares/ST/STM32_USB_Device_Library/Core/Src/usbd_ctlreq.o
 *fill*         0x000000000800be76        0x2 
 .text.USBD_SetConfig
                0x000000000800be78      0x148 Middlewares/ST/STM32_USB_Device_Library/Core/Src/usbd_ctlreq.o
 .text.USBD_GetConfig
                0x000000000800bfc0       0x6a Middlewares/ST/STM32_USB_Device_Library/Core/Src/usbd_ctlreq.o
 .text.USBD_GetStatus
                0x000000000800c02a       0x66 Middlewares/ST/STM32_USB_Device_Library/Core/Src/usbd_ctlreq.o
 .text.USBD_SetFeature
                0x000000000800c090       0x28 Middlewares/ST/STM32_USB_Device_Library/Core/Src/usbd_ctlreq.o
 .text.USBD_ClrFeature
                0x000000000800c0b8       0x42 Middlewares/ST/STM32_USB_Device_Library/Core/Src/usbd_ctlreq.o
 .text.USBD_ParseSetupRequest
                0x000000000800c0fa       0x74 Middlewares/ST/STM32_USB_Device_Library/Core/Src/usbd_ctlreq.o
                0x000000000800c0fa                USBD_ParseSetupRequest
 .text.USBD_CtlError
                0x000000000800c16e       0x22 Middlewares/ST/STM32_USB_Device_Library/Core/Src/usbd_ctlreq.o
                0x000000000800c16e                USBD_CtlError
 .text.USBD_GetString
                0x000000000800c190       0x8c Middlewares/ST/STM32_USB_Device_Library/Core/Src/usbd_ctlreq.o
                0x000000000800c190                USBD_GetString
 .text.USBD_GetLen
                0x000000000800c21c       0x34 Middlewares/ST/STM32_USB_Device_Library/Core/Src/usbd_ctlreq.o
 .text.USBD_CtlSendData
                0x000000000800c250       0x36 Middlewares/ST/STM32_USB_Device_Library/Core/Src/usbd_ioreq.o
                0x000000000800c250                USBD_CtlSendData
 .text.USBD_CtlContinueSendData
                0x000000000800c286       0x22 Middlewares/ST/STM32_USB_Device_Library/Core/Src/usbd_ioreq.o
                0x000000000800c286                USBD_CtlContinueSendData
 .text.USBD_CtlPrepareRx
                0x000000000800c2a8       0x3a Middlewares/ST/STM32_USB_Device_Library/Core/Src/usbd_ioreq.o
                0x000000000800c2a8                USBD_CtlPrepareRx
 .text.USBD_CtlContinueRx
                0x000000000800c2e2       0x22 Middlewares/ST/STM32_USB_Device_Library/Core/Src/usbd_ioreq.o
                0x000000000800c2e2                USBD_CtlContinueRx
 .text.USBD_CtlSendStatus
                0x000000000800c304       0x26 Middlewares/ST/STM32_USB_Device_Library/Core/Src/usbd_ioreq.o
                0x000000000800c304                USBD_CtlSendStatus
 .text.USBD_CtlReceiveStatus
                0x000000000800c32a       0x26 Middlewares/ST/STM32_USB_Device_Library/Core/Src/usbd_ioreq.o
                0x000000000800c32a                USBD_CtlReceiveStatus
 .text.MX_USB_DEVICE_Init
                0x000000000800c350       0x60 USB_DEVICE/App/usb_device.o
                0x000000000800c350                MX_USB_DEVICE_Init
 .text.USBD_FS_DeviceDescriptor
                0x000000000800c3b0       0x24 USB_DEVICE/App/usbd_desc.o
                0x000000000800c3b0                USBD_FS_DeviceDescriptor
 .text.USBD_FS_LangIDStrDescriptor
                0x000000000800c3d4       0x24 USB_DEVICE/App/usbd_desc.o
                0x000000000800c3d4                USBD_FS_LangIDStrDescriptor
 .text.USBD_FS_ProductStrDescriptor
                0x000000000800c3f8       0x3c USB_DEVICE/App/usbd_desc.o
                0x000000000800c3f8                USBD_FS_ProductStrDescriptor
 .text.USBD_FS_ManufacturerStrDescriptor
                0x000000000800c434       0x28 USB_DEVICE/App/usbd_desc.o
                0x000000000800c434                USBD_FS_ManufacturerStrDescriptor
 .text.USBD_FS_SerialStrDescriptor
                0x000000000800c45c       0x24 USB_DEVICE/App/usbd_desc.o
                0x000000000800c45c                USBD_FS_SerialStrDescriptor
 .text.USBD_FS_ConfigStrDescriptor
                0x000000000800c480       0x3c USB_DEVICE/App/usbd_desc.o
                0x000000000800c480                USBD_FS_ConfigStrDescriptor
 .text.USBD_FS_InterfaceStrDescriptor
                0x000000000800c4bc       0x3c USB_DEVICE/App/usbd_desc.o
                0x000000000800c4bc                USBD_FS_InterfaceStrDescriptor
 .text.Get_SerialNum
                0x000000000800c4f8       0x58 USB_DEVICE/App/usbd_desc.o
 .text.IntToUnicode
                0x000000000800c550       0x7e USB_DEVICE/App/usbd_desc.o
 .text.MEM_If_Init_FS
                0x000000000800c5ce       0x10 USB_DEVICE/App/usbd_dfu_if.o
 .text.MEM_If_DeInit_FS
                0x000000000800c5de       0x10 USB_DEVICE/App/usbd_dfu_if.o
 .text.MEM_If_Erase_FS
                0x000000000800c5ee       0x16 USB_DEVICE/App/usbd_dfu_if.o
 .text.MEM_If_Write_FS
                0x000000000800c604       0x1a USB_DEVICE/App/usbd_dfu_if.o
 .text.MEM_If_Read_FS
                0x000000000800c61e       0x1a USB_DEVICE/App/usbd_dfu_if.o
 .text.MEM_If_GetStatus_FS
                0x000000000800c638       0x22 USB_DEVICE/App/usbd_dfu_if.o
 *fill*         0x000000000800c65a        0x2 
 .text.HAL_PCD_MspInit
                0x000000000800c65c       0xe4 USB_DEVICE/Target/usbd_conf.o
                0x000000000800c65c                HAL_PCD_MspInit
 .text.HAL_PCD_SetupStageCallback
                0x000000000800c740       0x24 USB_DEVICE/Target/usbd_conf.o
                0x000000000800c740                HAL_PCD_SetupStageCallback
 .text.HAL_PCD_DataOutStageCallback
                0x000000000800c764       0x36 USB_DEVICE/Target/usbd_conf.o
                0x000000000800c764                HAL_PCD_DataOutStageCallback
 .text.HAL_PCD_DataInStageCallback
                0x000000000800c79a       0x34 USB_DEVICE/Target/usbd_conf.o
                0x000000000800c79a                HAL_PCD_DataInStageCallback
 .text.HAL_PCD_SOFCallback
                0x000000000800c7ce       0x1c USB_DEVICE/Target/usbd_conf.o
                0x000000000800c7ce                HAL_PCD_SOFCallback
 .text.HAL_PCD_ResetCallback
                0x000000000800c7ea       0x50 USB_DEVICE/Target/usbd_conf.o
                0x000000000800c7ea                HAL_PCD_ResetCallback
 *fill*         0x000000000800c83a        0x2 
 .text.HAL_PCD_SuspendCallback
                0x000000000800c83c       0x4c USB_DEVICE/Target/usbd_conf.o
                0x000000000800c83c                HAL_PCD_SuspendCallback
 .text.HAL_PCD_ResumeCallback
                0x000000000800c888       0x1c USB_DEVICE/Target/usbd_conf.o
                0x000000000800c888                HAL_PCD_ResumeCallback
 .text.HAL_PCD_ISOOUTIncompleteCallback
                0x000000000800c8a4       0x24 USB_DEVICE/Target/usbd_conf.o
                0x000000000800c8a4                HAL_PCD_ISOOUTIncompleteCallback
 .text.HAL_PCD_ISOINIncompleteCallback
                0x000000000800c8c8       0x24 USB_DEVICE/Target/usbd_conf.o
                0x000000000800c8c8                HAL_PCD_ISOINIncompleteCallback
 .text.HAL_PCD_ConnectCallback
                0x000000000800c8ec       0x1c USB_DEVICE/Target/usbd_conf.o
                0x000000000800c8ec                HAL_PCD_ConnectCallback
 .text.HAL_PCD_DisconnectCallback
                0x000000000800c908       0x1c USB_DEVICE/Target/usbd_conf.o
                0x000000000800c908                HAL_PCD_DisconnectCallback
 .text.USBD_LL_Init
                0x000000000800c924       0x98 USB_DEVICE/Target/usbd_conf.o
                0x000000000800c924                USBD_LL_Init
 .text.USBD_LL_Start
                0x000000000800c9bc       0x36 USB_DEVICE/Target/usbd_conf.o
                0x000000000800c9bc                USBD_LL_Start
 .text.USBD_LL_Stop
                0x000000000800c9f2       0x36 USB_DEVICE/Target/usbd_conf.o
                0x000000000800c9f2                USBD_LL_Stop
 .text.USBD_LL_OpenEP
                0x000000000800ca28       0x4c USB_DEVICE/Target/usbd_conf.o
                0x000000000800ca28                USBD_LL_OpenEP
 .text.USBD_LL_StallEP
                0x000000000800ca74       0x3e USB_DEVICE/Target/usbd_conf.o
                0x000000000800ca74                USBD_LL_StallEP
 .text.USBD_LL_ClearStallEP
                0x000000000800cab2       0x3e USB_DEVICE/Target/usbd_conf.o
                0x000000000800cab2                USBD_LL_ClearStallEP
 .text.USBD_LL_IsStallEP
                0x000000000800caf0       0x58 USB_DEVICE/Target/usbd_conf.o
                0x000000000800caf0                USBD_LL_IsStallEP
 .text.USBD_LL_SetUSBAddress
                0x000000000800cb48       0x3e USB_DEVICE/Target/usbd_conf.o
                0x000000000800cb48                USBD_LL_SetUSBAddress
 .text.USBD_LL_Transmit
                0x000000000800cb86       0x42 USB_DEVICE/Target/usbd_conf.o
                0x000000000800cb86                USBD_LL_Transmit
 .text.USBD_LL_PrepareReceive
                0x000000000800cbc8       0x42 USB_DEVICE/Target/usbd_conf.o
                0x000000000800cbc8                USBD_LL_PrepareReceive
 *fill*         0x000000000800cc0a        0x2 
 .text.USBD_Get_USB_Status
                0x000000000800cc0c       0x58 USB_DEVICE/Target/usbd_conf.o
                0x000000000800cc0c                USBD_Get_USB_Status
 .text.atof     0x000000000800cc64        0x6 c:/st/stm32cubeide_1.6.0/stm32cubeide/plugins/com.st.stm32cube.ide.mcu.externaltools.gnu-tools-for-stm32.9-2020-q2-update.win32_1.5.0.202011040924/tools/bin/../lib/gcc/arm-none-eabi/9.3.1/../../../../arm-none-eabi/lib/thumb/v7e-m+fp/hard\libc_nano.a(lib_a-atof.o)
                0x000000000800cc64                atof
 *fill*         0x000000000800cc6a        0x2 
 .text.__errno  0x000000000800cc6c        0xc c:/st/stm32cubeide_1.6.0/stm32cubeide/plugins/com.st.stm32cube.ide.mcu.externaltools.gnu-tools-for-stm32.9-2020-q2-update.win32_1.5.0.202011040924/tools/bin/../lib/gcc/arm-none-eabi/9.3.1/../../../../arm-none-eabi/lib/thumb/v7e-m+fp/hard\libc_nano.a(lib_a-errno.o)
                0x000000000800cc6c                __errno
 .text.__libc_init_array
                0x000000000800cc78       0x48 c:/st/stm32cubeide_1.6.0/stm32cubeide/plugins/com.st.stm32cube.ide.mcu.externaltools.gnu-tools-for-stm32.9-2020-q2-update.win32_1.5.0.202011040924/tools/bin/../lib/gcc/arm-none-eabi/9.3.1/../../../../arm-none-eabi/lib/thumb/v7e-m+fp/hard\libc_nano.a(lib_a-init.o)
                0x000000000800cc78                __libc_init_array
 .text.malloc   0x000000000800ccc0       0x10 c:/st/stm32cubeide_1.6.0/stm32cubeide/plugins/com.st.stm32cube.ide.mcu.externaltools.gnu-tools-for-stm32.9-2020-q2-update.win32_1.5.0.202011040924/tools/bin/../lib/gcc/arm-none-eabi/9.3.1/../../../../arm-none-eabi/lib/thumb/v7e-m+fp/hard\libc_nano.a(lib_a-malloc.o)
                0x000000000800ccc0                malloc
 .text.free     0x000000000800ccd0       0x10 c:/st/stm32cubeide_1.6.0/stm32cubeide/plugins/com.st.stm32cube.ide.mcu.externaltools.gnu-tools-for-stm32.9-2020-q2-update.win32_1.5.0.202011040924/tools/bin/../lib/gcc/arm-none-eabi/9.3.1/../../../../arm-none-eabi/lib/thumb/v7e-m+fp/hard\libc_nano.a(lib_a-malloc.o)
                0x000000000800ccd0                free
 .text.memset   0x000000000800cce0       0x10 c:/st/stm32cubeide_1.6.0/stm32cubeide/plugins/com.st.stm32cube.ide.mcu.externaltools.gnu-tools-for-stm32.9-2020-q2-update.win32_1.5.0.202011040924/tools/bin/../lib/gcc/arm-none-eabi/9.3.1/../../../../arm-none-eabi/lib/thumb/v7e-m+fp/hard\libc_nano.a(lib_a-memset.o)
                0x000000000800cce0                memset
 .text._free_r  0x000000000800ccf0       0xa0 c:/st/stm32cubeide_1.6.0/stm32cubeide/plugins/com.st.stm32cube.ide.mcu.externaltools.gnu-tools-for-stm32.9-2020-q2-update.win32_1.5.0.202011040924/tools/bin/../lib/gcc/arm-none-eabi/9.3.1/../../../../arm-none-eabi/lib/thumb/v7e-m+fp/hard\libc_nano.a(lib_a-nano-freer.o)
                0x000000000800ccf0                _free_r
 .text._malloc_r
                0x000000000800cd90       0xb4 c:/st/stm32cubeide_1.6.0/stm32cubeide/plugins/com.st.stm32cube.ide.mcu.externaltools.gnu-tools-for-stm32.9-2020-q2-update.win32_1.5.0.202011040924/tools/bin/../lib/gcc/arm-none-eabi/9.3.1/../../../../arm-none-eabi/lib/thumb/v7e-m+fp/hard\libc_nano.a(lib_a-nano-mallocr.o)
                0x000000000800cd90                _malloc_r
 .text.__cvt    0x000000000800ce44       0xc4 c:/st/stm32cubeide_1.6.0/stm32cubeide/plugins/com.st.stm32cube.ide.mcu.externaltools.gnu-tools-for-stm32.9-2020-q2-update.win32_1.5.0.202011040924/tools/bin/../lib/gcc/arm-none-eabi/9.3.1/../../../../arm-none-eabi/lib/thumb/v7e-m+fp/hard\libc_nano.a(lib_a-nano-vfprintf_float.o)
                0x000000000800ce44                __cvt
 .text.__exponent
                0x000000000800cf08       0x7c c:/st/stm32cubeide_1.6.0/stm32cubeide/plugins/com.st.stm32cube.ide.mcu.externaltools.gnu-tools-for-stm32.9-2020-q2-update.win32_1.5.0.202011040924/tools/bin/../lib/gcc/arm-none-eabi/9.3.1/../../../../arm-none-eabi/lib/thumb/v7e-m+fp/hard\libc_nano.a(lib_a-nano-vfprintf_float.o)
                0x000000000800cf08                __exponent
 .text._printf_float
                0x000000000800cf84      0x46c c:/st/stm32cubeide_1.6.0/stm32cubeide/plugins/com.st.stm32cube.ide.mcu.externaltools.gnu-tools-for-stm32.9-2020-q2-update.win32_1.5.0.202011040924/tools/bin/../lib/gcc/arm-none-eabi/9.3.1/../../../../arm-none-eabi/lib/thumb/v7e-m+fp/hard\libc_nano.a(lib_a-nano-vfprintf_float.o)
                0x000000000800cf84                _printf_float
 .text._printf_common
                0x000000000800d3f0       0xda c:/st/stm32cubeide_1.6.0/stm32cubeide/plugins/com.st.stm32cube.ide.mcu.externaltools.gnu-tools-for-stm32.9-2020-q2-update.win32_1.5.0.202011040924/tools/bin/../lib/gcc/arm-none-eabi/9.3.1/../../../../arm-none-eabi/lib/thumb/v7e-m+fp/hard\libc_nano.a(lib_a-nano-vfprintf_i.o)
                0x000000000800d3f0                _printf_common
 *fill*         0x000000000800d4ca        0x2 
 .text._printf_i
                0x000000000800d4cc      0x24c c:/st/stm32cubeide_1.6.0/stm32cubeide/plugins/com.st.stm32cube.ide.mcu.externaltools.gnu-tools-for-stm32.9-2020-q2-update.win32_1.5.0.202011040924/tools/bin/../lib/gcc/arm-none-eabi/9.3.1/../../../../arm-none-eabi/lib/thumb/v7e-m+fp/hard\libc_nano.a(lib_a-nano-vfprintf_i.o)
                0x000000000800d4cc                _printf_i
 .text._sbrk_r  0x000000000800d718       0x20 c:/st/stm32cubeide_1.6.0/stm32cubeide/plugins/com.st.stm32cube.ide.mcu.externaltools.gnu-tools-for-stm32.9-2020-q2-update.win32_1.5.0.202011040924/tools/bin/../lib/gcc/arm-none-eabi/9.3.1/../../../../arm-none-eabi/lib/thumb/v7e-m+fp/hard\libc_nano.a(lib_a-sbrkr.o)
                0x000000000800d718                _sbrk_r
 .text.sprintf  0x000000000800d738       0x40 c:/st/stm32cubeide_1.6.0/stm32cubeide/plugins/com.st.stm32cube.ide.mcu.externaltools.gnu-tools-for-stm32.9-2020-q2-update.win32_1.5.0.202011040924/tools/bin/../lib/gcc/arm-none-eabi/9.3.1/../../../../arm-none-eabi/lib/thumb/v7e-m+fp/hard\libc_nano.a(lib_a-sprintf.o)
                0x000000000800d738                siprintf
                0x000000000800d738                sprintf
 .text.strncmp  0x000000000800d778       0x24 c:/st/stm32cubeide_1.6.0/stm32cubeide/plugins/com.st.stm32cube.ide.mcu.externaltools.gnu-tools-for-stm32.9-2020-q2-update.win32_1.5.0.202011040924/tools/bin/../lib/gcc/arm-none-eabi/9.3.1/../../../../arm-none-eabi/lib/thumb/v7e-m+fp/hard\libc_nano.a(lib_a-strncmp.o)
                0x000000000800d778                strncmp
 .text.sulp     0x000000000800d79c       0x38 c:/st/stm32cubeide_1.6.0/stm32cubeide/plugins/com.st.stm32cube.ide.mcu.externaltools.gnu-tools-for-stm32.9-2020-q2-update.win32_1.5.0.202011040924/tools/bin/../lib/gcc/arm-none-eabi/9.3.1/../../../../arm-none-eabi/lib/thumb/v7e-m+fp/hard\libc_nano.a(lib_a-strtod.o)
 *fill*         0x000000000800d7d4        0x4 
 .text._strtod_l
                0x000000000800d7d8      0xc14 c:/st/stm32cubeide_1.6.0/stm32cubeide/plugins/com.st.stm32cube.ide.mcu.externaltools.gnu-tools-for-stm32.9-2020-q2-update.win32_1.5.0.202011040924/tools/bin/../lib/gcc/arm-none-eabi/9.3.1/../../../../arm-none-eabi/lib/thumb/v7e-m+fp/hard\libc_nano.a(lib_a-strtod.o)
                0x000000000800d7d8                _strtod_l
 .text.strtod   0x000000000800e3ec       0x18 c:/st/stm32cubeide_1.6.0/stm32cubeide/plugins/com.st.stm32cube.ide.mcu.externaltools.gnu-tools-for-stm32.9-2020-q2-update.win32_1.5.0.202011040924/tools/bin/../lib/gcc/arm-none-eabi/9.3.1/../../../../arm-none-eabi/lib/thumb/v7e-m+fp/hard\libc_nano.a(lib_a-strtod.o)
                0x000000000800e3ec                strtod
 .text.quorem   0x000000000800e404      0x116 c:/st/stm32cubeide_1.6.0/stm32cubeide/plugins/com.st.stm32cube.ide.mcu.externaltools.gnu-tools-for-stm32.9-2020-q2-update.win32_1.5.0.202011040924/tools/bin/../lib/gcc/arm-none-eabi/9.3.1/../../../../arm-none-eabi/lib/thumb/v7e-m+fp/hard\libc_nano.a(lib_a-dtoa.o)
 *fill*         0x000000000800e51a        0x6 
 .text._dtoa_r  0x000000000800e520      0xbd8 c:/st/stm32cubeide_1.6.0/stm32cubeide/plugins/com.st.stm32cube.ide.mcu.externaltools.gnu-tools-for-stm32.9-2020-q2-update.win32_1.5.0.202011040924/tools/bin/../lib/gcc/arm-none-eabi/9.3.1/../../../../arm-none-eabi/lib/thumb/v7e-m+fp/hard\libc_nano.a(lib_a-dtoa.o)
                0x000000000800e520                _dtoa_r
 .text.rshift   0x000000000800f0f8       0xa4 c:/st/stm32cubeide_1.6.0/stm32cubeide/plugins/com.st.stm32cube.ide.mcu.externaltools.gnu-tools-for-stm32.9-2020-q2-update.win32_1.5.0.202011040924/tools/bin/../lib/gcc/arm-none-eabi/9.3.1/../../../../arm-none-eabi/lib/thumb/v7e-m+fp/hard\libc_nano.a(lib_a-gdtoa-gethex.o)
 .text.__hexdig_fun
                0x000000000800f19c       0x2a c:/st/stm32cubeide_1.6.0/stm32cubeide/plugins/com.st.stm32cube.ide.mcu.externaltools.gnu-tools-for-stm32.9-2020-q2-update.win32_1.5.0.202011040924/tools/bin/../lib/gcc/arm-none-eabi/9.3.1/../../../../arm-none-eabi/lib/thumb/v7e-m+fp/hard\libc_nano.a(lib_a-gdtoa-gethex.o)
                0x000000000800f19c                __hexdig_fun
 *fill*         0x000000000800f1c6        0x2 
 .text.__gethex
                0x000000000800f1c8      0x48c c:/st/stm32cubeide_1.6.0/stm32cubeide/plugins/com.st.stm32cube.ide.mcu.externaltools.gnu-tools-for-stm32.9-2020-q2-update.win32_1.5.0.202011040924/tools/bin/../lib/gcc/arm-none-eabi/9.3.1/../../../../arm-none-eabi/lib/thumb/v7e-m+fp/hard\libc_nano.a(lib_a-gdtoa-gethex.o)
                0x000000000800f1c8                __gethex
 .text.L_shift  0x000000000800f654       0x24 c:/st/stm32cubeide_1.6.0/stm32cubeide/plugins/com.st.stm32cube.ide.mcu.externaltools.gnu-tools-for-stm32.9-2020-q2-update.win32_1.5.0.202011040924/tools/bin/../lib/gcc/arm-none-eabi/9.3.1/../../../../arm-none-eabi/lib/thumb/v7e-m+fp/hard\libc_nano.a(lib_a-gdtoa-hexnan.o)
 .text.__match  0x000000000800f678       0x28 c:/st/stm32cubeide_1.6.0/stm32cubeide/plugins/com.st.stm32cube.ide.mcu.externaltools.gnu-tools-for-stm32.9-2020-q2-update.win32_1.5.0.202011040924/tools/bin/../lib/gcc/arm-none-eabi/9.3.1/../../../../arm-none-eabi/lib/thumb/v7e-m+fp/hard\libc_nano.a(lib_a-gdtoa-hexnan.o)
                0x000000000800f678                __match
 .text.__hexnan
                0x000000000800f6a0      0x138 c:/st/stm32cubeide_1.6.0/stm32cubeide/plugins/com.st.stm32cube.ide.mcu.externaltools.gnu-tools-for-stm32.9-2020-q2-update.win32_1.5.0.202011040924/tools/bin/../lib/gcc/arm-none-eabi/9.3.1/../../../../arm-none-eabi/lib/thumb/v7e-m+fp/hard\libc_nano.a(lib_a-gdtoa-hexnan.o)
                0x000000000800f6a0                __hexnan
 .text._localeconv_r
                0x000000000800f7d8        0x8 c:/st/stm32cubeide_1.6.0/stm32cubeide/plugins/com.st.stm32cube.ide.mcu.externaltools.gnu-tools-for-stm32.9-2020-q2-update.win32_1.5.0.202011040924/tools/bin/../lib/gcc/arm-none-eabi/9.3.1/../../../../arm-none-eabi/lib/thumb/v7e-m+fp/hard\libc_nano.a(lib_a-localeconv.o)
                0x000000000800f7d8                _localeconv_r
 .text.__ascii_mbtowc
                0x000000000800f7e0       0x24 c:/st/stm32cubeide_1.6.0/stm32cubeide/plugins/com.st.stm32cube.ide.mcu.externaltools.gnu-tools-for-stm32.9-2020-q2-update.win32_1.5.0.202011040924/tools/bin/../lib/gcc/arm-none-eabi/9.3.1/../../../../arm-none-eabi/lib/thumb/v7e-m+fp/hard\libc_nano.a(lib_a-mbtowc_r.o)
                0x000000000800f7e0                __ascii_mbtowc
 .text.memcpy   0x000000000800f804       0x1c c:/st/stm32cubeide_1.6.0/stm32cubeide/plugins/com.st.stm32cube.ide.mcu.externaltools.gnu-tools-for-stm32.9-2020-q2-update.win32_1.5.0.202011040924/tools/bin/../lib/gcc/arm-none-eabi/9.3.1/../../../../arm-none-eabi/lib/thumb/v7e-m+fp/hard\libc_nano.a(lib_a-memcpy-stub.o)
                0x000000000800f804                memcpy
 .text.__malloc_lock
                0x000000000800f820        0xc c:/st/stm32cubeide_1.6.0/stm32cubeide/plugins/com.st.stm32cube.ide.mcu.externaltools.gnu-tools-for-stm32.9-2020-q2-update.win32_1.5.0.202011040924/tools/bin/../lib/gcc/arm-none-eabi/9.3.1/../../../../arm-none-eabi/lib/thumb/v7e-m+fp/hard\libc_nano.a(lib_a-mlock.o)
                0x000000000800f820                __malloc_lock
 .text.__malloc_unlock
                0x000000000800f82c        0xc c:/st/stm32cubeide_1.6.0/stm32cubeide/plugins/com.st.stm32cube.ide.mcu.externaltools.gnu-tools-for-stm32.9-2020-q2-update.win32_1.5.0.202011040924/tools/bin/../lib/gcc/arm-none-eabi/9.3.1/../../../../arm-none-eabi/lib/thumb/v7e-m+fp/hard\libc_nano.a(lib_a-mlock.o)
                0x000000000800f82c                __malloc_unlock
 .text._Balloc  0x000000000800f838       0x80 c:/st/stm32cubeide_1.6.0/stm32cubeide/plugins/com.st.stm32cube.ide.mcu.externaltools.gnu-tools-for-stm32.9-2020-q2-update.win32_1.5.0.202011040924/tools/bin/../lib/gcc/arm-none-eabi/9.3.1/../../../../arm-none-eabi/lib/thumb/v7e-m+fp/hard\libc_nano.a(lib_a-mprec.o)
                0x000000000800f838                _Balloc
 .text._Bfree   0x000000000800f8b8       0x44 c:/st/stm32cubeide_1.6.0/stm32cubeide/plugins/com.st.stm32cube.ide.mcu.externaltools.gnu-tools-for-stm32.9-2020-q2-update.win32_1.5.0.202011040924/tools/bin/../lib/gcc/arm-none-eabi/9.3.1/../../../../arm-none-eabi/lib/thumb/v7e-m+fp/hard\libc_nano.a(lib_a-mprec.o)
                0x000000000800f8b8                _Bfree
 .text.__multadd
                0x000000000800f8fc       0x94 c:/st/stm32cubeide_1.6.0/stm32cubeide/plugins/com.st.stm32cube.ide.mcu.externaltools.gnu-tools-for-stm32.9-2020-q2-update.win32_1.5.0.202011040924/tools/bin/../lib/gcc/arm-none-eabi/9.3.1/../../../../arm-none-eabi/lib/thumb/v7e-m+fp/hard\libc_nano.a(lib_a-mprec.o)
                0x000000000800f8fc                __multadd
 .text.__s2b    0x000000000800f990       0x94 c:/st/stm32cubeide_1.6.0/stm32cubeide/plugins/com.st.stm32cube.ide.mcu.externaltools.gnu-tools-for-stm32.9-2020-q2-update.win32_1.5.0.202011040924/tools/bin/../lib/gcc/arm-none-eabi/9.3.1/../../../../arm-none-eabi/lib/thumb/v7e-m+fp/hard\libc_nano.a(lib_a-mprec.o)
                0x000000000800f990                __s2b
 .text.__hi0bits
                0x000000000800fa24       0x40 c:/st/stm32cubeide_1.6.0/stm32cubeide/plugins/com.st.stm32cube.ide.mcu.externaltools.gnu-tools-for-stm32.9-2020-q2-update.win32_1.5.0.202011040924/tools/bin/../lib/gcc/arm-none-eabi/9.3.1/../../../../arm-none-eabi/lib/thumb/v7e-m+fp/hard\libc_nano.a(lib_a-mprec.o)
                0x000000000800fa24                __hi0bits
 .text.__lo0bits
                0x000000000800fa64       0x60 c:/st/stm32cubeide_1.6.0/stm32cubeide/plugins/com.st.stm32cube.ide.mcu.externaltools.gnu-tools-for-stm32.9-2020-q2-update.win32_1.5.0.202011040924/tools/bin/../lib/gcc/arm-none-eabi/9.3.1/../../../../arm-none-eabi/lib/thumb/v7e-m+fp/hard\libc_nano.a(lib_a-mprec.o)
                0x000000000800fa64                __lo0bits
 .text.__i2b    0x000000000800fac4       0x2c c:/st/stm32cubeide_1.6.0/stm32cubeide/plugins/com.st.stm32cube.ide.mcu.externaltools.gnu-tools-for-stm32.9-2020-q2-update.win32_1.5.0.202011040924/tools/bin/../lib/gcc/arm-none-eabi/9.3.1/../../../../arm-none-eabi/lib/thumb/v7e-m+fp/hard\libc_nano.a(lib_a-mprec.o)
                0x000000000800fac4                __i2b
 .text.__multiply
                0x000000000800faf0      0x14c c:/st/stm32cubeide_1.6.0/stm32cubeide/plugins/com.st.stm32cube.ide.mcu.externaltools.gnu-tools-for-stm32.9-2020-q2-update.win32_1.5.0.202011040924/tools/bin/../lib/gcc/arm-none-eabi/9.3.1/../../../../arm-none-eabi/lib/thumb/v7e-m+fp/hard\libc_nano.a(lib_a-mprec.o)
                0x000000000800faf0                __multiply
 .text.__pow5mult
                0x000000000800fc3c       0xb4 c:/st/stm32cubeide_1.6.0/stm32cubeide/plugins/com.st.stm32cube.ide.mcu.externaltools.gnu-tools-for-stm32.9-2020-q2-update.win32_1.5.0.202011040924/tools/bin/../lib/gcc/arm-none-eabi/9.3.1/../../../../arm-none-eabi/lib/thumb/v7e-m+fp/hard\libc_nano.a(lib_a-mprec.o)
                0x000000000800fc3c                __pow5mult
 .text.__lshift
                0x000000000800fcf0       0xd8 c:/st/stm32cubeide_1.6.0/stm32cubeide/plugins/com.st.stm32cube.ide.mcu.externaltools.gnu-tools-for-stm32.9-2020-q2-update.win32_1.5.0.202011040924/tools/bin/../lib/gcc/arm-none-eabi/9.3.1/../../../../arm-none-eabi/lib/thumb/v7e-m+fp/hard\libc_nano.a(lib_a-mprec.o)
                0x000000000800fcf0                __lshift
 .text.__mcmp   0x000000000800fdc8       0x38 c:/st/stm32cubeide_1.6.0/stm32cubeide/plugins/com.st.stm32cube.ide.mcu.externaltools.gnu-tools-for-stm32.9-2020-q2-update.win32_1.5.0.202011040924/tools/bin/../lib/gcc/arm-none-eabi/9.3.1/../../../../arm-none-eabi/lib/thumb/v7e-m+fp/hard\libc_nano.a(lib_a-mprec.o)
                0x000000000800fdc8                __mcmp
 .text.__mdiff  0x000000000800fe00      0x110 c:/st/stm32cubeide_1.6.0/stm32cubeide/plugins/com.st.stm32cube.ide.mcu.externaltools.gnu-tools-for-stm32.9-2020-q2-update.win32_1.5.0.202011040924/tools/bin/../lib/gcc/arm-none-eabi/9.3.1/../../../../arm-none-eabi/lib/thumb/v7e-m+fp/hard\libc_nano.a(lib_a-mprec.o)
                0x000000000800fe00                __mdiff
 .text.__ulp    0x000000000800ff10       0x58 c:/st/stm32cubeide_1.6.0/stm32cubeide/plugins/com.st.stm32cube.ide.mcu.externaltools.gnu-tools-for-stm32.9-2020-q2-update.win32_1.5.0.202011040924/tools/bin/../lib/gcc/arm-none-eabi/9.3.1/../../../../arm-none-eabi/lib/thumb/v7e-m+fp/hard\libc_nano.a(lib_a-mprec.o)
                0x000000000800ff10                __ulp
 .text.__b2d    0x000000000800ff68       0xa0 c:/st/stm32cubeide_1.6.0/stm32cubeide/plugins/com.st.stm32cube.ide.mcu.externaltools.gnu-tools-for-stm32.9-2020-q2-update.win32_1.5.0.202011040924/tools/bin/../lib/gcc/arm-none-eabi/9.3.1/../../../../arm-none-eabi/lib/thumb/v7e-m+fp/hard\libc_nano.a(lib_a-mprec.o)
                0x000000000800ff68                __b2d
 .text.__d2b    0x0000000008010008       0xb8 c:/st/stm32cubeide_1.6.0/stm32cubeide/plugins/com.st.stm32cube.ide.mcu.externaltools.gnu-tools-for-stm32.9-2020-q2-update.win32_1.5.0.202011040924/tools/bin/../lib/gcc/arm-none-eabi/9.3.1/../../../../arm-none-eabi/lib/thumb/v7e-m+fp/hard\libc_nano.a(lib_a-mprec.o)
                0x0000000008010008                __d2b
 .text.__ratio  0x00000000080100c0       0x66 c:/st/stm32cubeide_1.6.0/stm32cubeide/plugins/com.st.stm32cube.ide.mcu.externaltools.gnu-tools-for-stm32.9-2020-q2-update.win32_1.5.0.202011040924/tools/bin/../lib/gcc/arm-none-eabi/9.3.1/../../../../arm-none-eabi/lib/thumb/v7e-m+fp/hard\libc_nano.a(lib_a-mprec.o)
                0x00000000080100c0                __ratio
 .text.__copybits
                0x0000000008010126       0x46 c:/st/stm32cubeide_1.6.0/stm32cubeide/plugins/com.st.stm32cube.ide.mcu.externaltools.gnu-tools-for-stm32.9-2020-q2-update.win32_1.5.0.202011040924/tools/bin/../lib/gcc/arm-none-eabi/9.3.1/../../../../arm-none-eabi/lib/thumb/v7e-m+fp/hard\libc_nano.a(lib_a-mprec.o)
                0x0000000008010126                __copybits
 .text.__any_on
                0x000000000801016c       0x42 c:/st/stm32cubeide_1.6.0/stm32cubeide/plugins/com.st.stm32cube.ide.mcu.externaltools.gnu-tools-for-stm32.9-2020-q2-update.win32_1.5.0.202011040924/tools/bin/../lib/gcc/arm-none-eabi/9.3.1/../../../../arm-none-eabi/lib/thumb/v7e-m+fp/hard\libc_nano.a(lib_a-mprec.o)
                0x000000000801016c                __any_on
 .text._calloc_r
                0x00000000080101ae       0x1e c:/st/stm32cubeide_1.6.0/stm32cubeide/plugins/com.st.stm32cube.ide.mcu.externaltools.gnu-tools-for-stm32.9-2020-q2-update.win32_1.5.0.202011040924/tools/bin/../lib/gcc/arm-none-eabi/9.3.1/../../../../arm-none-eabi/lib/thumb/v7e-m+fp/hard\libc_nano.a(lib_a-nano-callocr.o)
                0x00000000080101ae                _calloc_r
 .text.__ssputs_r
                0x00000000080101cc       0xb6 c:/st/stm32cubeide_1.6.0/stm32cubeide/plugins/com.st.stm32cube.ide.mcu.externaltools.gnu-tools-for-stm32.9-2020-q2-update.win32_1.5.0.202011040924/tools/bin/../lib/gcc/arm-none-eabi/9.3.1/../../../../arm-none-eabi/lib/thumb/v7e-m+fp/hard\libc_nano.a(lib_a-nano-svfprintf.o)
                0x00000000080101cc                __ssputs_r
 *fill*         0x0000000008010282        0x2 
 .text._svfprintf_r
                0x0000000008010284      0x200 c:/st/stm32cubeide_1.6.0/stm32cubeide/plugins/com.st.stm32cube.ide.mcu.externaltools.gnu-tools-for-stm32.9-2020-q2-update.win32_1.5.0.202011040924/tools/bin/../lib/gcc/arm-none-eabi/9.3.1/../../../../arm-none-eabi/lib/thumb/v7e-m+fp/hard\libc_nano.a(lib_a-nano-svfprintf.o)
                0x0000000008010284                _svfiprintf_r
                0x0000000008010284                _svfprintf_r
 *fill*         0x0000000008010484        0x4 
 .text.nan      0x0000000008010488       0x10 c:/st/stm32cubeide_1.6.0/stm32cubeide/plugins/com.st.stm32cube.ide.mcu.externaltools.gnu-tools-for-stm32.9-2020-q2-update.win32_1.5.0.202011040924/tools/bin/../lib/gcc/arm-none-eabi/9.3.1/../../../../arm-none-eabi/lib/thumb/v7e-m+fp/hard\libc_nano.a(lib_a-s_nan.o)
                0x0000000008010488                nan
 .text.__ascii_wctomb
                0x0000000008010498       0x1a c:/st/stm32cubeide_1.6.0/stm32cubeide/plugins/com.st.stm32cube.ide.mcu.externaltools.gnu-tools-for-stm32.9-2020-q2-update.win32_1.5.0.202011040924/tools/bin/../lib/gcc/arm-none-eabi/9.3.1/../../../../arm-none-eabi/lib/thumb/v7e-m+fp/hard\libc_nano.a(lib_a-wctomb_r.o)
                0x0000000008010498                __ascii_wctomb
 *fill*         0x00000000080104b2        0x2 
 .text.__assert_func
                0x00000000080104b4       0x3c c:/st/stm32cubeide_1.6.0/stm32cubeide/plugins/com.st.stm32cube.ide.mcu.externaltools.gnu-tools-for-stm32.9-2020-q2-update.win32_1.5.0.202011040924/tools/bin/../lib/gcc/arm-none-eabi/9.3.1/../../../../arm-none-eabi/lib/thumb/v7e-m+fp/hard\libc_nano.a(lib_a-assert.o)
                0x00000000080104b4                __assert_func
 .text.fprintf  0x00000000080104f0       0x24 c:/st/stm32cubeide_1.6.0/stm32cubeide/plugins/com.st.stm32cube.ide.mcu.externaltools.gnu-tools-for-stm32.9-2020-q2-update.win32_1.5.0.202011040924/tools/bin/../lib/gcc/arm-none-eabi/9.3.1/../../../../arm-none-eabi/lib/thumb/v7e-m+fp/hard\libc_nano.a(lib_a-fprintf.o)
                0x00000000080104f0                fiprintf
                0x00000000080104f0                fprintf
 .text.__retarget_lock_init_recursive
                0x0000000008010514        0x2 c:/st/stm32cubeide_1.6.0/stm32cubeide/plugins/com.st.stm32cube.ide.mcu.externaltools.gnu-tools-for-stm32.9-2020-q2-update.win32_1.5.0.202011040924/tools/bin/../lib/gcc/arm-none-eabi/9.3.1/../../../../arm-none-eabi/lib/thumb/v7e-m+fp/hard\libc_nano.a(lib_a-lock.o)